Archive member included to satisfy reference by file (symbol)

c:/ac6/systemworkbench/plugins/fr.ac6.mcu.externaltools.arm-none.win32_1.15.0.201708311556/tools/compiler/bin/../lib/gcc/arm-none-eabi/6.3.1/../../../../arm-none-eabi/lib/thumb/v7e-m/fpv4-sp/hard\libm.a(lib_a-s_trunc.o)
                              DataLog/User/datalog_application.o (trunc)
c:/ac6/systemworkbench/plugins/fr.ac6.mcu.externaltools.arm-none.win32_1.15.0.201708311556/tools/compiler/bin/../lib/gcc/arm-none-eabi/6.3.1/../../../../arm-none-eabi/lib/thumb/v7e-m/fpv4-sp/hard\libm.a(lib_a-w_pow.o)
                              DataLog/User/datalog_application.o (pow)
c:/ac6/systemworkbench/plugins/fr.ac6.mcu.externaltools.arm-none.win32_1.15.0.201708311556/tools/compiler/bin/../lib/gcc/arm-none-eabi/6.3.1/../../../../arm-none-eabi/lib/thumb/v7e-m/fpv4-sp/hard\libm.a(lib_a-e_pow.o)
                              c:/ac6/systemworkbench/plugins/fr.ac6.mcu.externaltools.arm-none.win32_1.15.0.201708311556/tools/compiler/bin/../lib/gcc/arm-none-eabi/6.3.1/../../../../arm-none-eabi/lib/thumb/v7e-m/fpv4-sp/hard\libm.a(lib_a-w_pow.o) (__ieee754_pow)
c:/ac6/systemworkbench/plugins/fr.ac6.mcu.externaltools.arm-none.win32_1.15.0.201708311556/tools/compiler/bin/../lib/gcc/arm-none-eabi/6.3.1/../../../../arm-none-eabi/lib/thumb/v7e-m/fpv4-sp/hard\libm.a(lib_a-e_sqrt.o)
                              c:/ac6/systemworkbench/plugins/fr.ac6.mcu.externaltools.arm-none.win32_1.15.0.201708311556/tools/compiler/bin/../lib/gcc/arm-none-eabi/6.3.1/../../../../arm-none-eabi/lib/thumb/v7e-m/fpv4-sp/hard\libm.a(lib_a-e_pow.o) (__ieee754_sqrt)
c:/ac6/systemworkbench/plugins/fr.ac6.mcu.externaltools.arm-none.win32_1.15.0.201708311556/tools/compiler/bin/../lib/gcc/arm-none-eabi/6.3.1/../../../../arm-none-eabi/lib/thumb/v7e-m/fpv4-sp/hard\libm.a(lib_a-s_fabs.o)
                              c:/ac6/systemworkbench/plugins/fr.ac6.mcu.externaltools.arm-none.win32_1.15.0.201708311556/tools/compiler/bin/../lib/gcc/arm-none-eabi/6.3.1/../../../../arm-none-eabi/lib/thumb/v7e-m/fpv4-sp/hard\libm.a(lib_a-e_pow.o) (fabs)
c:/ac6/systemworkbench/plugins/fr.ac6.mcu.externaltools.arm-none.win32_1.15.0.201708311556/tools/compiler/bin/../lib/gcc/arm-none-eabi/6.3.1/../../../../arm-none-eabi/lib/thumb/v7e-m/fpv4-sp/hard\libm.a(lib_a-s_finite.o)
                              c:/ac6/systemworkbench/plugins/fr.ac6.mcu.externaltools.arm-none.win32_1.15.0.201708311556/tools/compiler/bin/../lib/gcc/arm-none-eabi/6.3.1/../../../../arm-none-eabi/lib/thumb/v7e-m/fpv4-sp/hard\libm.a(lib_a-w_pow.o) (finite)
c:/ac6/systemworkbench/plugins/fr.ac6.mcu.externaltools.arm-none.win32_1.15.0.201708311556/tools/compiler/bin/../lib/gcc/arm-none-eabi/6.3.1/../../../../arm-none-eabi/lib/thumb/v7e-m/fpv4-sp/hard\libm.a(lib_a-s_lib_ver.o)
                              c:/ac6/systemworkbench/plugins/fr.ac6.mcu.externaltools.arm-none.win32_1.15.0.201708311556/tools/compiler/bin/../lib/gcc/arm-none-eabi/6.3.1/../../../../arm-none-eabi/lib/thumb/v7e-m/fpv4-sp/hard\libm.a(lib_a-w_pow.o) (__fdlib_version)
c:/ac6/systemworkbench/plugins/fr.ac6.mcu.externaltools.arm-none.win32_1.15.0.201708311556/tools/compiler/bin/../lib/gcc/arm-none-eabi/6.3.1/../../../../arm-none-eabi/lib/thumb/v7e-m/fpv4-sp/hard\libm.a(lib_a-s_matherr.o)
                              c:/ac6/systemworkbench/plugins/fr.ac6.mcu.externaltools.arm-none.win32_1.15.0.201708311556/tools/compiler/bin/../lib/gcc/arm-none-eabi/6.3.1/../../../../arm-none-eabi/lib/thumb/v7e-m/fpv4-sp/hard\libm.a(lib_a-w_pow.o) (matherr)
c:/ac6/systemworkbench/plugins/fr.ac6.mcu.externaltools.arm-none.win32_1.15.0.201708311556/tools/compiler/bin/../lib/gcc/arm-none-eabi/6.3.1/../../../../arm-none-eabi/lib/thumb/v7e-m/fpv4-sp/hard\libm.a(lib_a-s_nan.o)
                              c:/ac6/systemworkbench/plugins/fr.ac6.mcu.externaltools.arm-none.win32_1.15.0.201708311556/tools/compiler/bin/../lib/gcc/arm-none-eabi/6.3.1/../../../../arm-none-eabi/lib/thumb/v7e-m/fpv4-sp/hard\libm.a(lib_a-e_pow.o) (nan)
c:/ac6/systemworkbench/plugins/fr.ac6.mcu.externaltools.arm-none.win32_1.15.0.201708311556/tools/compiler/bin/../lib/gcc/arm-none-eabi/6.3.1/../../../../arm-none-eabi/lib/thumb/v7e-m/fpv4-sp/hard\libm.a(lib_a-s_rint.o)
                              c:/ac6/systemworkbench/plugins/fr.ac6.mcu.externaltools.arm-none.win32_1.15.0.201708311556/tools/compiler/bin/../lib/gcc/arm-none-eabi/6.3.1/../../../../arm-none-eabi/lib/thumb/v7e-m/fpv4-sp/hard\libm.a(lib_a-w_pow.o) (rint)
c:/ac6/systemworkbench/plugins/fr.ac6.mcu.externaltools.arm-none.win32_1.15.0.201708311556/tools/compiler/bin/../lib/gcc/arm-none-eabi/6.3.1/../../../../arm-none-eabi/lib/thumb/v7e-m/fpv4-sp/hard\libm.a(lib_a-s_scalbn.o)
                              c:/ac6/systemworkbench/plugins/fr.ac6.mcu.externaltools.arm-none.win32_1.15.0.201708311556/tools/compiler/bin/../lib/gcc/arm-none-eabi/6.3.1/../../../../arm-none-eabi/lib/thumb/v7e-m/fpv4-sp/hard\libm.a(lib_a-e_pow.o) (scalbn)
[...]
Memory Configuration

Name             Origin             Length             Attributes
FLASH            0x08004000         0x00040000         xr
RAM              0x20000000         0x00018000         xrw
SRAM2            0x10000000         0x00008000         xrw
*default*        0x00000000         0xffffffff

Linker script and memory map

LOAD c:/ac6/systemworkbench/plugins/fr.ac6.mcu.externaltools.arm-none.win32_1.15.0.201708311556/tools/compiler/bin/../lib/gcc/arm-none-eabi/6.3.1/thumb/v7e-m/fpv4-sp/hard/crti.o
LOAD c:/ac6/systemworkbench/plugins/fr.ac6.mcu.externaltools.arm-none.win32_1.15.0.201708311556/tools/compiler/bin/../lib/gcc/arm-none-eabi/6.3.1/thumb/v7e-m/fpv4-sp/hard/crtbegin.o
LOAD c:/ac6/systemworkbench/plugins/fr.ac6.mcu.externaltools.arm-none.win32_1.15.0.201708311556/tools/compiler/bin/../lib/gcc/arm-none-eabi/6.3.1/../../../../arm-none-eabi/lib/thumb/v7e-m/fpv4-sp/hard/crt0.o
LOAD DataLog/SW4STM32/startup_stm32l476xx.o
LOAD DataLog/User/cube_hal_l4.o
LOAD DataLog/User/datalog_application.o
LOAD DataLog/User/main.o
LOAD DataLog/User/stm32l4xx_hal_msp.o
LOAD DataLog/User/stm32l4xx_it.o
LOAD DataLog/User/syscalls.o
LOAD DataLog/User/usbd_cdc_interface.o
LOAD DataLog/User/usbd_conf.o
LOAD DataLog/User/usbd_desc.o
LOAD Drivers/BSP/Components/HTS221_Driver.o
LOAD Drivers/BSP/Components/HTS221_Driver_HL.o
LOAD Drivers/BSP/Components/LPS22HB_Driver.o
LOAD Drivers/BSP/Components/LPS22HB_Driver_HL.o
LOAD Drivers/BSP/Components/LSM303AGR_ACC_driver.o
LOAD Drivers/BSP/Components/LSM303AGR_ACC_driver_HL.o
LOAD Drivers/BSP/Components/LSM303AGR_MAG_driver.o
LOAD Drivers/BSP/Components/LSM303AGR_MAG_driver_HL.o
LOAD Drivers/BSP/Components/LSM6DSM_ACC_GYRO_driver.o
LOAD Drivers/BSP/Components/LSM6DSM_ACC_GYRO_driver_HL.o
LOAD Drivers/BSP/Components/STC3115_Driver.o
LOAD Drivers/BSP/SensorTile/SensorTile.o
LOAD Drivers/BSP/SensorTile/SensorTile_accelero.o
LOAD Drivers/BSP/SensorTile/SensorTile_gg.o
LOAD Drivers/BSP/SensorTile/SensorTile_gyro.o
LOAD Drivers/BSP/SensorTile/SensorTile_humidity.o
LOAD Drivers/BSP/SensorTile/SensorTile_magneto.o
LOAD Drivers/BSP/SensorTile/SensorTile_pressure.o
LOAD Drivers/BSP/SensorTile/SensorTile_sd.o
LOAD Drivers/BSP/SensorTile/SensorTile_temperature.o
LOAD Drivers/CMSIS/system_stm32l4xx.o
LOAD Drivers/STM32L4xx_HAL_Driver/stm32l4xx_hal.o
LOAD Drivers/STM32L4xx_HAL_Driver/stm32l4xx_hal_cortex.o
LOAD Drivers/STM32L4xx_HAL_Driver/stm32l4xx_hal_dma.o
LOAD Drivers/STM32L4xx_HAL_Driver/stm32l4xx_hal_gpio.o
LOAD Drivers/STM32L4xx_HAL_Driver/stm32l4xx_hal_i2c.o
LOAD Drivers/STM32L4xx_HAL_Driver/stm32l4xx_hal_i2c_ex.o
LOAD Drivers/STM32L4xx_HAL_Driver/stm32l4xx_hal_pcd.o
LOAD Drivers/STM32L4xx_HAL_Driver/stm32l4xx_hal_pcd_ex.o
LOAD Drivers/STM32L4xx_HAL_Driver/stm32l4xx_hal_pwr.o
LOAD Drivers/STM32L4xx_HAL_Driver/stm32l4xx_hal_pwr_ex.o
LOAD Drivers/STM32L4xx_HAL_Driver/stm32l4xx_hal_rcc.o
LOAD Drivers/STM32L4xx_HAL_Driver/stm32l4xx_hal_rcc_ex.o
LOAD Drivers/STM32L4xx_HAL_Driver/stm32l4xx_hal_rtc.o
LOAD Drivers/STM32L4xx_HAL_Driver/stm32l4xx_hal_rtc_ex.o
LOAD Drivers/STM32L4xx_HAL_Driver/stm32l4xx_hal_spi.o
LOAD Drivers/STM32L4xx_HAL_Driver/stm32l4xx_hal_spi_ex.o
LOAD Drivers/STM32L4xx_HAL_Driver/stm32l4xx_hal_tim.o
LOAD Drivers/STM32L4xx_HAL_Driver/stm32l4xx_hal_tim_ex.o
LOAD Drivers/STM32L4xx_HAL_Driver/stm32l4xx_ll_usb.o
LOAD Middlewares/FatFs/diskio.o
LOAD Middlewares/FatFs/ff.o
LOAD Middlewares/FatFs/ff_gen_drv.o
LOAD Middlewares/FatFs/sd_diskio.o
LOAD Middlewares/FatFs/syscall.o
LOAD Middlewares/FatFs/unicode.o
LOAD Middlewares/STM32_USBD_Library/Class/usbd_cdc.o
LOAD Middlewares/STM32_USBD_Library/Core/usbd_core.o
LOAD Middlewares/STM32_USBD_Library/Core/usbd_ctlreq.o
LOAD Middlewares/STM32_USBD_Library/Core/usbd_ioreq.o
LOAD c:/ac6/systemworkbench/plugins/fr.ac6.mcu.externaltools.arm-none.win32_1.15.0.201708311556/tools/compiler/bin/../lib/gcc/arm-none-eabi/6.3.1/../../../../arm-none-eabi/lib/thumb/v7e-m/fpv4-sp/hard\libm.a
START GROUP
LOAD c:/ac6/systemworkbench/plugins/fr.ac6.mcu.externaltools.arm-none.win32_1.15.0.201708311556/tools/compiler/bin/../lib/gcc/arm-none-eabi/6.3.1/thumb/v7e-m/fpv4-sp/hard\libgcc.a
LOAD c:/ac6/systemworkbench/plugins/fr.ac6.mcu.externaltools.arm-none.win32_1.15.0.201708311556/tools/compiler/bin/../lib/gcc/arm-none-eabi/6.3.1/../../../../arm-none-eabi/lib/thumb/v7e-m/fpv4-sp/hard\libc_nano.a
END GROUP
START GROUP
LOAD c:/ac6/systemworkbench/plugins/fr.ac6.mcu.externaltools.arm-none.win32_1.15.0.201708311556/tools/compiler/bin/../lib/gcc/arm-none-eabi/6.3.1/thumb/v7e-m/fpv4-sp/hard\libgcc.a
LOAD c:/ac6/systemworkbench/plugins/fr.ac6.mcu.externaltools.arm-none.win32_1.15.0.201708311556/tools/compiler/bin/../lib/gcc/arm-none-eabi/6.3.1/../../../../arm-none-eabi/lib/thumb/v7e-m/fpv4-sp/hard\libc_nano.a
END GROUP
LOAD c:/ac6/systemworkbench/plugins/fr.ac6.mcu.externaltools.arm-none.win32_1.15.0.201708311556/tools/compiler/bin/../lib/gcc/arm-none-eabi/6.3.1/thumb/v7e-m/fpv4-sp/hard/crtend.o
LOAD c:/ac6/systemworkbench/plugins/fr.ac6.mcu.externaltools.arm-none.win32_1.15.0.201708311556/tools/compiler/bin/../lib/gcc/arm-none-eabi/6.3.1/thumb/v7e-m/fpv4-sp/hard/crtn.o
                0x20017fff                _estack = 0x20017fff
                0x00002000                _Min_Heap_Size = 0x2000
                0x00002000                _Min_Stack_Size = 0x2000

.isr_vector     0x08004000      0x188
                0x08004000                . = ALIGN (0x8)
 *(.isr_vector)
 .isr_vector    0x08004000      0x188 DataLog/SW4STM32/startup_stm32l476xx.o
                0x08004000                g_pfnVectors
                0x08004188                . = ALIGN (0x8)

.text           0x08004190    0x1c0a0
                0x08004190                . = ALIGN (0x8)
 *(.text)
 .text          0x08004190       0x6c c:/ac6/systemworkbench/plugins/fr.ac6.mcu.externaltools.arm-none.win32_1.15.0.201708311556/tools/compiler/bin/../lib/gcc/arm-none-eabi/6.3.1/thumb/v7e-m/fpv4-sp/hard/crtbegin.o
 .text          0x080041fc      0x370 c:/ac6/systemworkbench/plugins/fr.ac6.mcu.externaltools.arm-none.win32_1.15.0.201708311556/tools/compiler/bin/../lib/gcc/arm-none-eabi/6.3.1/thumb/v7e-m/fpv4-sp/hard\libgcc.a(_arm_addsubdf3.o)
                0x080041fc                __aeabi_drsub
                0x08004204                __aeabi_dsub
                0x08004204                __subdf3
                0x08004208                __aeabi_dadd
                0x08004208                __adddf3
                0x08004480                __floatunsidf
                0x08004480                __aeabi_ui2d
                0x080044a0                __floatsidf
                0x080044a0                __aeabi_i2d
                0x080044c4                __aeabi_f2d
                0x080044c4                __extendsfdf2
                0x08004500                __floatundidf
                0x08004500                __aeabi_ul2d
                0x08004510                __floatdidf
                0x08004510                __aeabi_l2d
 .text          0x0800456c      0x424 c:/ac6/systemworkbench/plugins/fr.ac6.mcu.externaltools.arm-none.win32_1.15.0.201708311556/tools/compiler/bin/../lib/gcc/arm-none-eabi/6.3.1/thumb/v7e-m/fpv4-sp/hard\libgcc.a(_arm_muldivdf3.o)
                0x0800456c                __aeabi_dmul
                0x0800456c                __muldf3
                0x080047c0                __divdf3
                0x080047c0                __aeabi_ddiv
 .text          0x08004990      0x110 c:/ac6/systemworkbench/plugins/fr.ac6.mcu.externaltools.arm-none.win32_1.15.0.201708311556/tools/compiler/bin/../lib/gcc/arm-none-eabi/6.3.1/thumb/v7e-m/fpv4-sp/hard\libgcc.a(_arm_cmpdf2.o)
                0x08004990                __gtdf2
                0x08004990                __gedf2
                0x08004998                __ltdf2
                0x08004998                __ledf2
                0x080049a0                __nedf2
                0x080049a0                __eqdf2
                0x080049a0                __cmpdf2
                0x08004a1c                __aeabi_cdrcmple
                0x08004a2c                __aeabi_cdcmpeq
                0x08004a2c                __aeabi_cdcmple
                0x08004a3c                __aeabi_dcmpeq
                0x08004a50                __aeabi_dcmplt
                0x08004a64                __aeabi_dcmple
                0x08004a78                __aeabi_dcmpge
                0x08004a8c                __aeabi_dcmpgt
 .text          0x08004aa0       0x2c c:/ac6/systemworkbench/plugins/fr.ac6.mcu.externaltools.arm-none.win32_1.15.0.201708311556/tools/compiler/bin/../lib/gcc/arm-none-eabi/6.3.1/thumb/v7e-m/fpv4-sp/hard\libgcc.a(_arm_unorddf2.o)
                0x08004aa0                __unorddf2
                0x08004aa0                __aeabi_dcmpun
 .text          0x08004acc       0x50 c:/ac6/systemworkbench/plugins/fr.ac6.mcu.externaltools.arm-none.win32_1.15.0.201708311556/tools/compiler/bin/../lib/gcc/arm-none-eabi/6.3.1/thumb/v7e-m/fpv4-sp/hard\libgcc.a(_arm_fixdfsi.o)
                0x08004acc                __aeabi_d2iz
                0x08004acc                __fixdfsi
 .text          0x08004b1c       0xa0 c:/ac6/systemworkbench/plugins/fr.ac6.mcu.externaltools.arm-none.win32_1.15.0.201708311556/tools/compiler/bin/../lib/gcc/arm-none-eabi/6.3.1/thumb/v7e-m/fpv4-sp/hard\libgcc.a(_arm_truncdfsf2.o)
                0x08004b1c                __truncdfsf2
                0x08004b1c                __aeabi_d2f
 .text          0x08004bbc       0xa0 c:/ac6/systemworkbench/plugins/fr.ac6.mcu.externaltools.arm-none.win32_1.15.0.201708311556/tools/compiler/bin/../lib/gcc/arm-none-eabi/6.3.1/thumb/v7e-m/fpv4-sp/hard\libgcc.a(_aeabi_ldivmod.o)
                0x08004bbc                __aeabi_ldivmod
 .text          0x08004c5c      0x2dc c:/ac6/systemworkbench/plugins/fr.ac6.mcu.externaltools.arm-none.win32_1.15.0.201708311556/tools/compiler/bin/../lib/gcc/arm-none-eabi/6.3.1/thumb/v7e-m/fpv4-sp/hard\libgcc.a(_udivmoddi4.o)
                0x08004c5c                __udivmoddi4
 .text          0x08004f38        0x4 c:/ac6/systemworkbench/plugins/fr.ac6.mcu.externaltools.arm-none.win32_1.15.0.201708311556/tools/compiler/bin/../lib/gcc/arm-none-eabi/6.3.1/thumb/v7e-m/fpv4-sp/hard\libgcc.a(_dvmd_tls.o)
                0x08004f38                __aeabi_idiv0
                0x08004f38                __aeabi_ldiv0
 .text          0x08004f3c       0x10 c:/ac6/systemworkbench/plugins/fr.ac6.mcu.externaltools.arm-none.win32_1.15.0.201708311556/tools/compiler/bin/../lib/gcc/arm-none-eabi/6.3.1/../../../../arm-none-eabi/lib/thumb/v7e-m/fpv4-sp/hard\libc_nano.a(lib_a-strlen.o)
                0x08004f3c                strlen
 *fill*         0x08004f4c        0x4 
 .text          0x08004f50       0xa0 c:/ac6/systemworkbench/plugins/fr.ac6.mcu.externaltools.arm-none.win32_1.15.0.201708311556/tools/compiler/bin/../lib/gcc/arm-none-eabi/6.3.1/../../../../arm-none-eabi/lib/thumb/v7e-m/fpv4-sp/hard\libc_nano.a(lib_a-memchr.o)
                0x08004f50                memchr
 *(.text*)
 .text.Reset_Handler
                0x08004ff0       0x50 DataLog/SW4STM32/startup_stm32l476xx.o
                0x08004ff0                Reset_Handler
 .text.Default_Handler
                0x08005040        0x2 DataLog/SW4STM32/startup_stm32l476xx.o
                0x08005040                RTC_Alarm_IRQHandler
                0x08005040                TIM8_TRG_COM_IRQHandler
                0x08005040                TIM8_CC_IRQHandler
                0x08005040                TIM1_CC_IRQHandler
                0x08005040                TSC_IRQHandler
                0x08005040                TAMP_STAMP_IRQHandler
                0x08005040                PendSV_Handler
                0x08005040                EXTI3_IRQHandler
                0x08005040                LPTIM2_IRQHandler
                0x08005040                DFSDM1_FLT1_IRQHandler
                0x08005040                I2C3_ER_IRQHandler
                0x08005040                DFSDM1_FLT2_IRQHandler
                0x08005040                EXTI0_IRQHandler
                0x08005040                I2C2_EV_IRQHandler
                0x08005040                CAN1_RX0_IRQHandler
                0x08005040                FPU_IRQHandler
                0x08005040                TIM1_UP_TIM16_IRQHandler
                0x08005040                UsageFault_Handler
                0x08005040                ADC1_2_IRQHandler
                0x08005040                SPI1_IRQHandler
                0x08005040                TIM6_DAC_IRQHandler
                0x08005040                TIM8_UP_IRQHandler
                0x08005040                DMA2_Channel2_IRQHandler
                0x08005040                DMA1_Channel4_IRQHandler
                0x08005040                SAI2_IRQHandler
                0x08005040                DFSDM1_FLT3_IRQHandler
                0x08005040                USART3_IRQHandler
                0x08005040                DMA1_Channel7_IRQHandler
                0x08005040                CAN1_RX1_IRQHandler
                0x08005040                LCD_IRQHandler
                0x08005040                UART5_IRQHandler
                0x08005040                ADC3_IRQHandler
                0x08005040                TIM4_IRQHandler
                0x08005040                DMA2_Channel1_IRQHandler
                0x08005040                QUADSPI_IRQHandler
                0x08005040                I2C1_EV_IRQHandler
                0x08005040                DMA1_Channel6_IRQHandler
                0x08005040                UART4_IRQHandler
                0x08005040                DMA2_Channel4_IRQHandler
                0x08005040                RCC_IRQHandler
                0x08005040                DMA1_Channel1_IRQHandler
                0x08005040                Default_Handler
                0x08005040                DMA2_Channel7_IRQHandler
                0x08005040                EXTI15_10_IRQHandler
                0x08005040                TIM7_IRQHandler
                0x08005040                SDMMC1_IRQHandler
                0x08005040                TIM5_IRQHandler
                0x08005040                I2C3_EV_IRQHandler
                0x08005040                EXTI9_5_IRQHandler
                0x08005040                RTC_WKUP_IRQHandler
                0x08005040                PVD_PVM_IRQHandler
                0x08005040                SPI2_IRQHandler
                0x08005040                MemManage_Handler
                0x08005040                CAN1_TX_IRQHandler
                0x08005040                SVC_Handler
                0x08005040                DMA2_Channel5_IRQHandler
                0x08005040                DMA1_Channel5_IRQHandler
                0x08005040                EXTI4_IRQHandler
                0x08005040                RNG_IRQHandler
                0x08005040                TIM1_TRG_COM_TIM17_IRQHandler
                0x08005040                DMA1_Channel3_IRQHandler
                0x08005040                COMP_IRQHandler
                0x08005040                WWDG_IRQHandler
                0x08005040                LPUART1_IRQHandler
                0x08005040                DMA2_Channel6_IRQHandler
                0x08005040                TIM2_IRQHandler
                0x08005040                EXTI1_IRQHandler
                0x08005040                USART2_IRQHandler
                0x08005040                DFSDM1_FLT0_IRQHandler
                0x08005040                I2C2_ER_IRQHandler
                0x08005040                DMA1_Channel2_IRQHandler
                0x08005040                TIM8_BRK_IRQHandler
                0x08005040                CAN1_SCE_IRQHandler
                0x08005040                FLASH_IRQHandler
                0x08005040                BusFault_Handler
                0x08005040                USART1_IRQHandler
                0x08005040                SPI3_IRQHandler
                0x08005040                I2C1_ER_IRQHandler
                0x08005040                FMC_IRQHandler
                0x08005040                SWPMI1_IRQHandler
                0x08005040                LPTIM1_IRQHandler
                0x08005040                SAI1_IRQHandler
                0x08005040                DMA2_Channel3_IRQHandler
                0x08005040                TIM1_BRK_TIM15_IRQHandler
 *fill*         0x08005042        0x2 
 .text.SystemClock_Config
                0x08005044      0x144 DataLog/User/cube_hal_l4.o
                0x08005044                SystemClock_Config
 .text.Error_Handler
                0x08005188        0x6 DataLog/User/cube_hal_l4.o
 *fill*         0x0800518e        0x2 
 .text.DATALOG_SD_Init
                0x08005190       0x54 DataLog/User/datalog_application.o
                0x08005190                DATALOG_SD_Init
 .text.DATALOG_SD_Log_Enable
                0x080051e4       0xa0 DataLog/User/datalog_application.o
                0x080051e4                DATALOG_SD_Log_Enable
 .text.DATALOG_SD_Log_Disable
                0x08005284       0x18 DataLog/User/datalog_application.o
                0x08005284                DATALOG_SD_Log_Disable
 .text.DATALOG_SD_NewLine
                0x0800529c       0x24 DataLog/User/datalog_application.o
                0x0800529c                DATALOG_SD_NewLine
 .text.RTC_Handler
                0x080052c0       0xb4 DataLog/User/datalog_application.o
                0x080052c0                RTC_Handler
 *fill*         0x08005374        0x4 
 .text.Accelero_Sensor_Handler
                0x08005378      0x9b4 DataLog/User/datalog_application.o
                0x08005378                Accelero_Sensor_Handler
 *fill*         0x08005d2c        0x4 
 .text.floatToInt
                0x08005d30       0xc8 DataLog/User/datalog_application.o
                0x08005d30                floatToInt
 .text.main     0x08005df8      0x170 DataLog/User/main.o
                0x08005df8                main
 .text.initializeAllSensors
                0x08005f68       0xf4 DataLog/User/main.o
 .text.enableAllSensors
                0x0800605c       0x88 DataLog/User/main.o
                0x0800605c                enableAllSensors
 .text.RTC_Config
                0x080060e4       0x4c DataLog/User/main.o
 .text.RTC_TimeStampConfig
                0x08006130       0x68 DataLog/User/main.o
 .text.HAL_GPIO_EXTI_Callback
                0x08006198       0x20 DataLog/User/main.o
                0x08006198                HAL_GPIO_EXTI_Callback
 .text.Error_Handler
                0x080061b8        0x6 DataLog/User/main.o
 *fill*         0x080061be        0x2 
 .text.HAL_RTC_MspInit
                0x080061c0       0x34 DataLog/User/stm32l4xx_hal_msp.o
                0x080061c0                HAL_RTC_MspInit
 .text.NMI_Handler
                0x080061f4        0xe DataLog/User/stm32l4xx_it.o
                0x080061f4                NMI_Handler
 .text.HardFault_Handler
                0x08006202        0x6 DataLog/User/stm32l4xx_it.o
                0x08006202                HardFault_Handler
 .text.DebugMon_Handler
                0x08006208        0xe DataLog/User/stm32l4xx_it.o
                0x08006208                DebugMon_Handler
 .text.SysTick_Handler
                0x08006216        0xc DataLog/User/stm32l4xx_it.o
                0x08006216                SysTick_Handler
 *fill*         0x08006222        0x2 
 .text.OTG_FS_IRQHandler
                0x08006224       0x14 DataLog/User/stm32l4xx_it.o
                0x08006224                OTG_FS_IRQHandler
 .text.TIM3_IRQHandler
                0x08006238       0x14 DataLog/User/stm32l4xx_it.o
                0x08006238                TIM3_IRQHandler
 .text.EXTI2_IRQHandler
                0x0800624c        0xe DataLog/User/stm32l4xx_it.o
                0x0800624c                EXTI2_IRQHandler
 *fill*         0x0800625a        0x2 
 .text._sbrk    0x0800625c       0x58 DataLog/User/syscalls.o
                0x0800625c                _sbrk
 .text._write   0x080062b4       0x38 DataLog/User/syscalls.o
                0x080062b4                _write
 .text._close   0x080062ec       0x18 DataLog/User/syscalls.o
                0x080062ec                _close
 .text._fstat   0x08006304       0x20 DataLog/User/syscalls.o
                0x08006304                _fstat
 .text._isatty  0x08006324       0x16 DataLog/User/syscalls.o
                0x08006324                _isatty
 .text._lseek   0x0800633a       0x1a DataLog/User/syscalls.o
                0x0800633a                _lseek
 .text._read    0x08006354       0x22 DataLog/User/syscalls.o
                0x08006354                _read
 *fill*         0x08006376        0x2 
 .text.CDC_Itf_Init
                0x08006378       0x74 DataLog/User/usbd_cdc_interface.o
 .text.CDC_Itf_DeInit
                0x080063ec       0x10 DataLog/User/usbd_cdc_interface.o
 .text.CDC_Itf_Control
                0x080063fc      0x15c DataLog/User/usbd_cdc_interface.o
 .text.CDC_Fill_Buffer
                0x08006558       0x54 DataLog/User/usbd_cdc_interface.o
                0x08006558                CDC_Fill_Buffer
 .text.HAL_TIM_PeriodElapsedCallback
                0x080065ac       0x90 DataLog/User/usbd_cdc_interface.o
                0x080065ac                HAL_TIM_PeriodElapsedCallback
 .text.CDC_Itf_Receive
                0x0800663c       0x18 DataLog/User/usbd_cdc_interface.o
 .text.TIM_Config
                0x08006654       0x40 DataLog/User/usbd_cdc_interface.o
 .text.Error_Handler
                0x08006694        0xe DataLog/User/usbd_cdc_interface.o
 *fill*         0x080066a2        0x2 
 .text.HAL_PCD_MspInit
                0x080066a4       0x78 DataLog/User/usbd_conf.o
                0x080066a4                HAL_PCD_MspInit
 .text.HAL_PCD_SetupStageCallback
                0x0800671c       0x24 DataLog/User/usbd_conf.o
                0x0800671c                HAL_PCD_SetupStageCallback
 .text.HAL_PCD_DataOutStageCallback
                0x08006740       0x36 DataLog/User/usbd_conf.o
                0x08006740                HAL_PCD_DataOutStageCallback
 .text.HAL_PCD_DataInStageCallback
                0x08006776       0x34 DataLog/User/usbd_conf.o
                0x08006776                HAL_PCD_DataInStageCallback
 .text.HAL_PCD_SOFCallback
                0x080067aa       0x1c DataLog/User/usbd_conf.o
                0x080067aa                HAL_PCD_SOFCallback
 .text.HAL_PCD_ResetCallback
                0x080067c6       0x2a DataLog/User/usbd_conf.o
                0x080067c6                HAL_PCD_ResetCallback
 .text.HAL_PCD_SuspendCallback
                0x080067f0       0x1c DataLog/User/usbd_conf.o
                0x080067f0                HAL_PCD_SuspendCallback
 .text.HAL_PCD_ResumeCallback
                0x0800680c       0x1c DataLog/User/usbd_conf.o
                0x0800680c                HAL_PCD_ResumeCallback
 .text.HAL_PCD_ISOOUTIncompleteCallback
                0x08006828       0x24 DataLog/User/usbd_conf.o
                0x08006828                HAL_PCD_ISOOUTIncompleteCallback
 .text.HAL_PCD_ISOINIncompleteCallback
                0x0800684c       0x24 DataLog/User/usbd_conf.o
                0x0800684c                HAL_PCD_ISOINIncompleteCallback
 .text.HAL_PCD_ConnectCallback
                0x08006870       0x1c DataLog/User/usbd_conf.o
                0x08006870                HAL_PCD_ConnectCallback
 .text.HAL_PCD_DisconnectCallback
                0x0800688c       0x1c DataLog/User/usbd_conf.o
                0x0800688c                HAL_PCD_DisconnectCallback
 .text.USBD_LL_Init
                0x080068a8       0x94 DataLog/User/usbd_conf.o
                0x080068a8                USBD_LL_Init
 .text.USBD_LL_Start
                0x0800693c       0x1e DataLog/User/usbd_conf.o
                0x0800693c                USBD_LL_Start
 .text.USBD_LL_OpenEP
                0x0800695a       0x34 DataLog/User/usbd_conf.o
                0x0800695a                USBD_LL_OpenEP
 .text.USBD_LL_CloseEP
                0x0800698e       0x26 DataLog/User/usbd_conf.o
                0x0800698e                USBD_LL_CloseEP
 .text.USBD_LL_StallEP
                0x080069b4       0x26 DataLog/User/usbd_conf.o
                0x080069b4                USBD_LL_StallEP
 .text.USBD_LL_ClearStallEP
                0x080069da       0x26 DataLog/User/usbd_conf.o
                0x080069da                USBD_LL_ClearStallEP
 .text.USBD_LL_IsStallEP
                0x08006a00       0x58 DataLog/User/usbd_conf.o
                0x08006a00                USBD_LL_IsStallEP
 .text.USBD_LL_SetUSBAddress
                0x08006a58       0x26 DataLog/User/usbd_conf.o
                0x08006a58                USBD_LL_SetUSBAddress
 .text.USBD_LL_Transmit
                0x08006a7e       0x2e DataLog/User/usbd_conf.o
                0x08006a7e                USBD_LL_Transmit
 .text.USBD_LL_PrepareReceive
                0x08006aac       0x2e DataLog/User/usbd_conf.o
                0x08006aac                USBD_LL_PrepareReceive
 .text.USBD_LL_GetRxDataSize
                0x08006ada       0x26 DataLog/User/usbd_conf.o
                0x08006ada                USBD_LL_GetRxDataSize
 .text.USBD_VCP_DeviceDescriptor
                0x08006b00       0x24 DataLog/User/usbd_desc.o
                0x08006b00                USBD_VCP_DeviceDescriptor
 .text.USBD_VCP_LangIDStrDescriptor
                0x08006b24       0x24 DataLog/User/usbd_desc.o
                0x08006b24                USBD_VCP_LangIDStrDescriptor
 .text.USBD_VCP_ProductStrDescriptor
                0x08006b48       0x28 DataLog/User/usbd_desc.o
                0x08006b48                USBD_VCP_ProductStrDescriptor
 .text.USBD_VCP_ManufacturerStrDescriptor
                0x08006b70       0x28 DataLog/User/usbd_desc.o
                0x08006b70                USBD_VCP_ManufacturerStrDescriptor
 .text.USBD_VCP_SerialStrDescriptor
                0x08006b98       0x24 DataLog/User/usbd_desc.o
                0x08006b98                USBD_VCP_SerialStrDescriptor
 .text.USBD_VCP_ConfigStrDescriptor
                0x08006bbc       0x28 DataLog/User/usbd_desc.o
                0x08006bbc                USBD_VCP_ConfigStrDescriptor
 .text.USBD_VCP_InterfaceStrDescriptor
                0x08006be4       0x28 DataLog/User/usbd_desc.o
                0x08006be4                USBD_VCP_InterfaceStrDescriptor
 .text.Get_SerialNum
                0x08006c0c       0x58 DataLog/User/usbd_desc.o
 .text.IntToUnicode
                0x08006c64       0x7c DataLog/User/usbd_desc.o
 .text.HTS221_ReadReg
                0x08006ce0       0x32 Drivers/BSP/Components/HTS221_Driver.o
                0x08006ce0                HTS221_ReadReg
 .text.HTS221_WriteReg
                0x08006d12       0x32 Drivers/BSP/Components/HTS221_Driver.o
                0x08006d12                HTS221_WriteReg
 .text.HTS221_Get_DeviceID
                0x08006d44       0x2a Drivers/BSP/Components/HTS221_Driver.o
                0x08006d44                HTS221_Get_DeviceID
 *fill*         0x08006d6e        0x2 
 .text.HTS221_Get_Humidity
                0x08006d70      0x154 Drivers/BSP/Components/HTS221_Driver.o
                0x08006d70                HTS221_Get_Humidity
 .text.HTS221_Get_Temperature
                0x08006ec4      0x14c Drivers/BSP/Components/HTS221_Driver.o
                0x08006ec4                HTS221_Get_Temperature
 .text.HTS221_Get_DataStatus
                0x08007010       0x48 Drivers/BSP/Components/HTS221_Driver.o
                0x08007010                HTS221_Get_DataStatus
 .text.HTS221_Activate
                0x08007058       0x4c Drivers/BSP/Components/HTS221_Driver.o
                0x08007058                HTS221_Activate
 .text.HTS221_DeActivate
                0x080070a4       0x4c Drivers/BSP/Components/HTS221_Driver.o
                0x080070a4                HTS221_DeActivate
 .text.HTS221_Set_BduMode
                0x080070f0       0x7c Drivers/BSP/Components/HTS221_Driver.o
                0x080070f0                HTS221_Set_BduMode
 .text.HTS221_Set_Odr
                0x0800716c       0x80 Drivers/BSP/Components/HTS221_Driver.o
                0x0800716c                HTS221_Set_Odr
 .text.HTS221_Get_Odr
                0x080071ec       0x3c Drivers/BSP/Components/HTS221_Driver.o
                0x080071ec                HTS221_Get_Odr
 .text.HTS221_assert_failed
                0x08007228       0x1c Drivers/BSP/Components/HTS221_Driver.o
                0x08007228                HTS221_assert_failed
 .text.HTS221_H_Init
                0x08007244       0x42 Drivers/BSP/Components/HTS221_Driver_HL.o
 .text.HTS221_H_DeInit
                0x08007286       0x42 Drivers/BSP/Components/HTS221_Driver_HL.o
 .text.HTS221_H_Sensor_Enable
                0x080072c8       0x4e Drivers/BSP/Components/HTS221_Driver_HL.o
 .text.HTS221_H_Sensor_Disable
                0x08007316       0x4e Drivers/BSP/Components/HTS221_Driver_HL.o
 .text.HTS221_H_Get_WhoAmI
                0x08007364       0x1c Drivers/BSP/Components/HTS221_Driver_HL.o
 .text.HTS221_H_Check_WhoAmI
                0x08007380       0x18 Drivers/BSP/Components/HTS221_Driver_HL.o
 .text.HTS221_H_Get_Hum
                0x08007398       0x1c Drivers/BSP/Components/HTS221_Driver_HL.o
 .text.HTS221_H_Get_ODR
                0x080073b4       0x1c Drivers/BSP/Components/HTS221_Driver_HL.o
 .text.HTS221_H_Set_ODR
                0x080073d0       0x20 Drivers/BSP/Components/HTS221_Driver_HL.o
 .text.HTS221_H_Set_ODR_Value
                0x080073f0       0x20 Drivers/BSP/Components/HTS221_Driver_HL.o
 .text.HTS221_H_Read_Reg
                0x08007410       0x2e Drivers/BSP/Components/HTS221_Driver_HL.o
 .text.HTS221_H_Write_Reg
                0x0800743e       0x30 Drivers/BSP/Components/HTS221_Driver_HL.o
 .text.HTS221_H_Get_DRDY_Status
                0x0800746e       0x4c Drivers/BSP/Components/HTS221_Driver_HL.o
 .text.HTS221_T_Init
                0x080074ba       0x42 Drivers/BSP/Components/HTS221_Driver_HL.o
 .text.HTS221_T_DeInit
                0x080074fc       0x42 Drivers/BSP/Components/HTS221_Driver_HL.o
 .text.HTS221_T_Sensor_Enable
                0x0800753e       0x4e Drivers/BSP/Components/HTS221_Driver_HL.o
 .text.HTS221_T_Sensor_Disable
                0x0800758c       0x4e Drivers/BSP/Components/HTS221_Driver_HL.o
 .text.HTS221_T_Get_WhoAmI
                0x080075da       0x1c Drivers/BSP/Components/HTS221_Driver_HL.o
 .text.HTS221_T_Check_WhoAmI
                0x080075f6       0x18 Drivers/BSP/Components/HTS221_Driver_HL.o
 .text.HTS221_T_Get_Temp
                0x0800760e       0x1c Drivers/BSP/Components/HTS221_Driver_HL.o
 .text.HTS221_T_Get_ODR
                0x0800762a       0x1c Drivers/BSP/Components/HTS221_Driver_HL.o
 .text.HTS221_T_Set_ODR
                0x08007646       0x20 Drivers/BSP/Components/HTS221_Driver_HL.o
 .text.HTS221_T_Set_ODR_Value
                0x08007666       0x20 Drivers/BSP/Components/HTS221_Driver_HL.o
 .text.HTS221_T_Read_Reg
                0x08007686       0x2e Drivers/BSP/Components/HTS221_Driver_HL.o
 .text.HTS221_T_Write_Reg
                0x080076b4       0x30 Drivers/BSP/Components/HTS221_Driver_HL.o
 .text.HTS221_T_Get_DRDY_Status
                0x080076e4       0x4c Drivers/BSP/Components/HTS221_Driver_HL.o
 .text.HTS221_Init
                0x08007730       0x56 Drivers/BSP/Components/HTS221_Driver_HL.o
 .text.HTS221_Sensor_Enable
                0x08007786       0x22 Drivers/BSP/Components/HTS221_Driver_HL.o
 .text.HTS221_Sensor_Disable
                0x080077a8       0x22 Drivers/BSP/Components/HTS221_Driver_HL.o
 .text.HTS221_Get_WhoAmI
                0x080077ca       0x26 Drivers/BSP/Components/HTS221_Driver_HL.o
 .text.HTS221_Check_WhoAmI
                0x080077f0       0x3a Drivers/BSP/Components/HTS221_Driver_HL.o
 .text.HTS221_Get_Hum
                0x0800782a       0x46 Drivers/BSP/Components/HTS221_Driver_HL.o
 .text.HTS221_Get_Temp
                0x08007870       0x48 Drivers/BSP/Components/HTS221_Driver_HL.o
 .text.HTS221_Get_ODR
                0x080078b8       0x80 Drivers/BSP/Components/HTS221_Driver_HL.o
 .text.HTS221_Set_ODR
                0x08007938       0x6c Drivers/BSP/Components/HTS221_Driver_HL.o
 .text.HTS221_Set_ODR_Value
                0x080079a4       0x5a Drivers/BSP/Components/HTS221_Driver_HL.o
 .text.HTS221_Read_Reg
                0x080079fe       0x2e Drivers/BSP/Components/HTS221_Driver_HL.o
 .text.HTS221_Write_Reg
                0x08007a2c       0x30 Drivers/BSP/Components/HTS221_Driver_HL.o
 .text.LPS22HB_ReadReg
                0x08007a5c       0x32 Drivers/BSP/Components/LPS22HB_Driver.o
                0x08007a5c                LPS22HB_ReadReg
 .text.LPS22HB_WriteReg
                0x08007a8e       0x32 Drivers/BSP/Components/LPS22HB_Driver.o
                0x08007a8e                LPS22HB_WriteReg
 .text.LPS22HB_Get_DeviceID
                0x08007ac0       0x2a Drivers/BSP/Components/LPS22HB_Driver.o
                0x08007ac0                LPS22HB_Get_DeviceID
 .text.LPS22HB_Set_PowerMode
                0x08007aea       0x5a Drivers/BSP/Components/LPS22HB_Driver.o
                0x08007aea                LPS22HB_Set_PowerMode
 .text.LPS22HB_Set_Odr
                0x08007b44       0x5a Drivers/BSP/Components/LPS22HB_Driver.o
                0x08007b44                LPS22HB_Set_Odr
 .text.LPS22HB_Get_Odr
                0x08007b9e       0x38 Drivers/BSP/Components/LPS22HB_Driver.o
                0x08007b9e                LPS22HB_Get_Odr
 .text.LPS22HB_Set_LowPassFilter
                0x08007bd6       0x62 Drivers/BSP/Components/LPS22HB_Driver.o
                0x08007bd6                LPS22HB_Set_LowPassFilter
 .text.LPS22HB_Set_LowPassFilterCutoff
                0x08007c38       0x5a Drivers/BSP/Components/LPS22HB_Driver.o
                0x08007c38                LPS22HB_Set_LowPassFilterCutoff
 .text.LPS22HB_Set_Bdu
                0x08007c92       0x5a Drivers/BSP/Components/LPS22HB_Driver.o
                0x08007c92                LPS22HB_Set_Bdu
 .text.LPS22HB_SwResetAndMemoryBoot
                0x08007cec       0x4c Drivers/BSP/Components/LPS22HB_Driver.o
                0x08007cec                LPS22HB_SwResetAndMemoryBoot
 .text.LPS22HB_Set_FifoModeUse
                0x08007d38       0x62 Drivers/BSP/Components/LPS22HB_Driver.o
                0x08007d38                LPS22HB_Set_FifoModeUse
 .text.LPS22HB_Set_FifoWatermarkLevelUse
                0x08007d9a       0x62 Drivers/BSP/Components/LPS22HB_Driver.o
                0x08007d9a                LPS22HB_Set_FifoWatermarkLevelUse
 .text.LPS22HB_Set_AutomaticIncrementRegAddress
                0x08007dfc       0x62 Drivers/BSP/Components/LPS22HB_Driver.o
                0x08007dfc                LPS22HB_Set_AutomaticIncrementRegAddress
 .text.LPS22HB_Set_I2C
                0x08007e5e       0x66 Drivers/BSP/Components/LPS22HB_Driver.o
                0x08007e5e                LPS22HB_Set_I2C
 .text.LPS22HB_Set_FIFO_OVR_Interrupt
                0x08007ec4       0x62 Drivers/BSP/Components/LPS22HB_Driver.o
                0x08007ec4                LPS22HB_Set_FIFO_OVR_Interrupt
 .text.LPS22HB_Set_FIFO_FTH_Interrupt
                0x08007f26       0x62 Drivers/BSP/Components/LPS22HB_Driver.o
                0x08007f26                LPS22HB_Set_FIFO_FTH_Interrupt
 .text.LPS22HB_Set_FIFO_FULL_Interrupt
                0x08007f88       0x62 Drivers/BSP/Components/LPS22HB_Driver.o
                0x08007f88                LPS22HB_Set_FIFO_FULL_Interrupt
 .text.LPS22HB_Get_DataStatus
                0x08007fea       0x64 Drivers/BSP/Components/LPS22HB_Driver.o
                0x08007fea                LPS22HB_Get_DataStatus
 .text.LPS22HB_Get_RawPressure
                0x0800804e       0x76 Drivers/BSP/Components/LPS22HB_Driver.o
                0x0800804e                LPS22HB_Get_RawPressure
 .text.LPS22HB_Get_Pressure
                0x080080c4       0x42 Drivers/BSP/Components/LPS22HB_Driver.o
                0x080080c4                LPS22HB_Get_Pressure
 .text.LPS22HB_Get_RawTemperature
                0x08008106       0x44 Drivers/BSP/Components/LPS22HB_Driver.o
                0x08008106                LPS22HB_Get_RawTemperature
 *fill*         0x0800814a        0x2 
 .text.LPS22HB_Get_Temperature
                0x0800814c       0x50 Drivers/BSP/Components/LPS22HB_Driver.o
                0x0800814c                LPS22HB_Get_Temperature
 .text.LPS22HB_Set_FifoMode
                0x0800819c       0x5a Drivers/BSP/Components/LPS22HB_Driver.o
                0x0800819c                LPS22HB_Set_FifoMode
 .text.LPS22HB_Get_FifoMode
                0x080081f6       0x3c Drivers/BSP/Components/LPS22HB_Driver.o
                0x080081f6                LPS22HB_Get_FifoMode
 .text.LPS22HB_Set_FifoWatermarkLevel
                0x08008232       0x5a Drivers/BSP/Components/LPS22HB_Driver.o
                0x08008232                LPS22HB_Set_FifoWatermarkLevel
 .text.LPS22HB_Get_FifoWatermarkLevel
                0x0800828c       0x38 Drivers/BSP/Components/LPS22HB_Driver.o
                0x0800828c                LPS22HB_Get_FifoWatermarkLevel
 .text.LPS22HB_Get_FifoStatus
                0x080082c4       0x7e Drivers/BSP/Components/LPS22HB_Driver.o
                0x080082c4                LPS22HB_Get_FifoStatus
 .text.LPS22HB_P_Init
                0x08008342       0x42 Drivers/BSP/Components/LPS22HB_Driver_HL.o
 .text.LPS22HB_P_DeInit
                0x08008384       0x40 Drivers/BSP/Components/LPS22HB_Driver_HL.o
 .text.LPS22HB_P_Sensor_Enable
                0x080083c4       0x50 Drivers/BSP/Components/LPS22HB_Driver_HL.o
 .text.LPS22HB_P_Sensor_Disable
                0x08008414       0x4e Drivers/BSP/Components/LPS22HB_Driver_HL.o
 .text.LPS22HB_P_Get_WhoAmI
                0x08008462       0x1c Drivers/BSP/Components/LPS22HB_Driver_HL.o
 .text.LPS22HB_P_Check_WhoAmI
                0x0800847e       0x18 Drivers/BSP/Components/LPS22HB_Driver_HL.o
 .text.LPS22HB_P_Get_Press
                0x08008496       0x1c Drivers/BSP/Components/LPS22HB_Driver_HL.o
 .text.LPS22HB_P_Get_ODR
                0x080084b2       0x1c Drivers/BSP/Components/LPS22HB_Driver_HL.o
 .text.LPS22HB_P_Set_ODR
                0x080084ce       0x54 Drivers/BSP/Components/LPS22HB_Driver_HL.o
 .text.LPS22HB_P_Set_ODR_Value
                0x08008522       0x54 Drivers/BSP/Components/LPS22HB_Driver_HL.o
 .text.LPS22HB_P_Read_Reg
                0x08008576       0x2e Drivers/BSP/Components/LPS22HB_Driver_HL.o
 .text.LPS22HB_P_Write_Reg
                0x080085a4       0x30 Drivers/BSP/Components/LPS22HB_Driver_HL.o
 .text.LPS22HB_P_Get_DRDY_Status
                0x080085d4       0x30 Drivers/BSP/Components/LPS22HB_Driver_HL.o
 .text.LPS22HB_T_Init
                0x08008604       0x42 Drivers/BSP/Components/LPS22HB_Driver_HL.o
 .text.LPS22HB_T_DeInit
                0x08008646       0x40 Drivers/BSP/Components/LPS22HB_Driver_HL.o
 .text.LPS22HB_T_Sensor_Enable
                0x08008686       0x50 Drivers/BSP/Components/LPS22HB_Driver_HL.o
 .text.LPS22HB_T_Sensor_Disable
                0x080086d6       0x4e Drivers/BSP/Components/LPS22HB_Driver_HL.o
 .text.LPS22HB_T_Get_WhoAmI
                0x08008724       0x1c Drivers/BSP/Components/LPS22HB_Driver_HL.o
 .text.LPS22HB_T_Check_WhoAmI
                0x08008740       0x18 Drivers/BSP/Components/LPS22HB_Driver_HL.o
 .text.LPS22HB_T_Get_Temp
                0x08008758       0x1c Drivers/BSP/Components/LPS22HB_Driver_HL.o
 .text.LPS22HB_T_Get_ODR
                0x08008774       0x1c Drivers/BSP/Components/LPS22HB_Driver_HL.o
 .text.LPS22HB_T_Set_ODR
                0x08008790       0x54 Drivers/BSP/Components/LPS22HB_Driver_HL.o
 .text.LPS22HB_T_Set_ODR_Value
                0x080087e4       0x54 Drivers/BSP/Components/LPS22HB_Driver_HL.o
 .text.LPS22HB_T_Read_Reg
                0x08008838       0x2e Drivers/BSP/Components/LPS22HB_Driver_HL.o
 .text.LPS22HB_T_Write_Reg
                0x08008866       0x30 Drivers/BSP/Components/LPS22HB_Driver_HL.o
 .text.LPS22HB_T_Get_DRDY_Status
                0x08008896       0x30 Drivers/BSP/Components/LPS22HB_Driver_HL.o
 *fill*         0x080088c6        0x2 
 .text.LPS22HB_Initialize
                0x080088c8       0xbc Drivers/BSP/Components/LPS22HB_Driver_HL.o
 .text.LPS22HB_Get_WhoAmI
                0x08008984       0x26 Drivers/BSP/Components/LPS22HB_Driver_HL.o
 .text.LPS22HB_Check_WhoAmI
                0x080089aa       0x3a Drivers/BSP/Components/LPS22HB_Driver_HL.o
 .text.LPS22HB_Get_Press
                0x080089e4       0x4c Drivers/BSP/Components/LPS22HB_Driver_HL.o
 .text.LPS22HB_Get_Temp
                0x08008a30       0x48 Drivers/BSP/Components/LPS22HB_Driver_HL.o
 .text.LPS22HB_Get_ODR
                0x08008a78       0xa0 Drivers/BSP/Components/LPS22HB_Driver_HL.o
 .text.LPS22HB_Set_ODR_When_Enabled
                0x08008b18       0x88 Drivers/BSP/Components/LPS22HB_Driver_HL.o
 .text.LPS22HB_Set_ODR_When_Disabled
                0x08008ba0       0x7c Drivers/BSP/Components/LPS22HB_Driver_HL.o
 .text.LPS22HB_Set_ODR_Value_When_Enabled
                0x08008c1c       0xa4 Drivers/BSP/Components/LPS22HB_Driver_HL.o
 .text.LPS22HB_Set_ODR_Value_When_Disabled
                0x08008cc0       0x90 Drivers/BSP/Components/LPS22HB_Driver_HL.o
 .text.LPS22HB_Read_Reg
                0x08008d50       0x2e Drivers/BSP/Components/LPS22HB_Driver_HL.o
 .text.LPS22HB_Write_Reg
                0x08008d7e       0x30 Drivers/BSP/Components/LPS22HB_Driver_HL.o
 .text.LPS22HB_FIFO_Get_Empty_Status
                0x08008dae       0x30 Drivers/BSP/Components/LPS22HB_Driver_HL.o
 .text.LPS22HB_FIFO_Get_Full_Status
                0x08008dde       0x30 Drivers/BSP/Components/LPS22HB_Driver_HL.o
 .text.LPS22HB_FIFO_Get_Ovr_Status
                0x08008e0e       0x30 Drivers/BSP/Components/LPS22HB_Driver_HL.o
 .text.LPS22HB_FIFO_Get_Fth_Status
                0x08008e3e       0x30 Drivers/BSP/Components/LPS22HB_Driver_HL.o
 .text.LPS22HB_FIFO_Stop_On_Fth
                0x08008e6e       0x38 Drivers/BSP/Components/LPS22HB_Driver_HL.o
 .text.LPS22HB_FIFO_Usage
                0x08008ea6       0x38 Drivers/BSP/Components/LPS22HB_Driver_HL.o
 .text.LPS22HB_FIFO_Get_Num_Of_Samples
                0x08008ede       0x30 Drivers/BSP/Components/LPS22HB_Driver_HL.o
 .text.LPS22HB_FIFO_Get_Data
                0x08008f0e       0x3a Drivers/BSP/Components/LPS22HB_Driver_HL.o
 .text.LPS22HB_FIFO_Get_Mode
                0x08008f48       0x30 Drivers/BSP/Components/LPS22HB_Driver_HL.o
 .text.LPS22HB_FIFO_Set_Mode
                0x08008f78       0x50 Drivers/BSP/Components/LPS22HB_Driver_HL.o
 .text.LPS22HB_FIFO_Get_Watermark_Level
                0x08008fc8       0x26 Drivers/BSP/Components/LPS22HB_Driver_HL.o
 .text.LPS22HB_FIFO_Set_Watermark_Level
                0x08008fee       0x2a Drivers/BSP/Components/LPS22HB_Driver_HL.o
 .text.LPS22HB_FIFO_Watermark_Usage
                0x08009018       0x38 Drivers/BSP/Components/LPS22HB_Driver_HL.o
 .text.LPS22HB_FIFO_Set_Interrupt
                0x08009050       0x68 Drivers/BSP/Components/LPS22HB_Driver_HL.o
 .text.LPS22HB_FIFO_Reset_Interrupt
                0x080090b8       0x68 Drivers/BSP/Components/LPS22HB_Driver_HL.o
 .text.LSM303AGR_ACC_WriteReg
                0x08009120       0x34 Drivers/BSP/Components/LSM303AGR_ACC_driver.o
                0x08009120                LSM303AGR_ACC_WriteReg
 .text.LSM303AGR_ACC_ReadReg
                0x08009154       0x34 Drivers/BSP/Components/LSM303AGR_ACC_driver.o
                0x08009154                LSM303AGR_ACC_ReadReg
 .text.LSM303AGR_ACC_R_WHO_AM_I
                0x08009188       0x3a Drivers/BSP/Components/LSM303AGR_ACC_driver.o
                0x08009188                LSM303AGR_ACC_R_WHO_AM_I
 .text.LSM303AGR_ACC_W_BlockDataUpdate
                0x080091c2       0x5a Drivers/BSP/Components/LSM303AGR_ACC_driver.o
                0x080091c2                LSM303AGR_ACC_W_BlockDataUpdate
 .text.LSM303AGR_ACC_W_FullScale
                0x0800921c       0x5a Drivers/BSP/Components/LSM303AGR_ACC_driver.o
                0x0800921c                LSM303AGR_ACC_W_FullScale
 .text.LSM303AGR_ACC_R_FullScale
                0x08009276       0x38 Drivers/BSP/Components/LSM303AGR_ACC_driver.o
                0x08009276                LSM303AGR_ACC_R_FullScale
 .text.LSM303AGR_ACC_Get_Raw_Acceleration
                0x080092ae       0x2a Drivers/BSP/Components/LSM303AGR_ACC_driver.o
                0x080092ae                LSM303AGR_ACC_Get_Raw_Acceleration
 .text.LSM303AGR_ACC_Get_Acceleration
                0x080092d8      0x1cc Drivers/BSP/Components/LSM303AGR_ACC_driver.o
                0x080092d8                LSM303AGR_ACC_Get_Acceleration
 .text.LSM303AGR_ACC_W_ODR
                0x080094a4       0x5a Drivers/BSP/Components/LSM303AGR_ACC_driver.o
                0x080094a4                LSM303AGR_ACC_W_ODR
 .text.LSM303AGR_ACC_R_ODR
                0x080094fe       0x38 Drivers/BSP/Components/LSM303AGR_ACC_driver.o
                0x080094fe                LSM303AGR_ACC_R_ODR
 .text.LSM303AGR_ACC_W_XEN
                0x08009536       0x5a Drivers/BSP/Components/LSM303AGR_ACC_driver.o
                0x08009536                LSM303AGR_ACC_W_XEN
 .text.LSM303AGR_ACC_R_XEN
                0x08009590       0x38 Drivers/BSP/Components/LSM303AGR_ACC_driver.o
                0x08009590                LSM303AGR_ACC_R_XEN
 .text.LSM303AGR_ACC_W_YEN
                0x080095c8       0x5a Drivers/BSP/Components/LSM303AGR_ACC_driver.o
                0x080095c8                LSM303AGR_ACC_W_YEN
 .text.LSM303AGR_ACC_R_YEN
                0x08009622       0x38 Drivers/BSP/Components/LSM303AGR_ACC_driver.o
                0x08009622                LSM303AGR_ACC_R_YEN
 .text.LSM303AGR_ACC_W_ZEN
                0x0800965a       0x5a Drivers/BSP/Components/LSM303AGR_ACC_driver.o
                0x0800965a                LSM303AGR_ACC_W_ZEN
 .text.LSM303AGR_ACC_R_ZEN
                0x080096b4       0x38 Drivers/BSP/Components/LSM303AGR_ACC_driver.o
                0x080096b4                LSM303AGR_ACC_R_ZEN
 .text.LSM303AGR_ACC_R_LOWPWR_EN
                0x080096ec       0x38 Drivers/BSP/Components/LSM303AGR_ACC_driver.o
                0x080096ec                LSM303AGR_ACC_R_LOWPWR_EN
 .text.LSM303AGR_ACC_R_HiRes
                0x08009724       0x38 Drivers/BSP/Components/LSM303AGR_ACC_driver.o
                0x08009724                LSM303AGR_ACC_R_HiRes
 .text.LSM303AGR_ACC_R_XDataAvail
                0x0800975c       0x38 Drivers/BSP/Components/LSM303AGR_ACC_driver.o
                0x0800975c                LSM303AGR_ACC_R_XDataAvail
 .text.LSM303AGR_ACC_W_FifoMode
                0x08009794       0x5a Drivers/BSP/Components/LSM303AGR_ACC_driver.o
                0x08009794                LSM303AGR_ACC_W_FifoMode
 *fill*         0x080097ee        0x2 
 .text.LSM303AGR_X_Init
                0x080097f0       0xc0 Drivers/BSP/Components/LSM303AGR_ACC_driver_HL.o
 .text.LSM303AGR_X_DeInit
                0x080098b0       0x58 Drivers/BSP/Components/LSM303AGR_ACC_driver_HL.o
 .text.LSM303AGR_X_Sensor_Enable
                0x08009908       0x4a Drivers/BSP/Components/LSM303AGR_ACC_driver_HL.o
 .text.LSM303AGR_X_Sensor_Disable
                0x08009952       0x58 Drivers/BSP/Components/LSM303AGR_ACC_driver_HL.o
 .text.LSM303AGR_X_Get_WhoAmI
                0x080099aa       0x26 Drivers/BSP/Components/LSM303AGR_ACC_driver_HL.o
 .text.LSM303AGR_X_Check_WhoAmI
                0x080099d0       0x3a Drivers/BSP/Components/LSM303AGR_ACC_driver_HL.o
 .text.LSM303AGR_X_Get_Axes
                0x08009a0a       0x3c Drivers/BSP/Components/LSM303AGR_ACC_driver_HL.o
 .text.LSM303AGR_X_Get_AxesRaw
                0x08009a46       0x42 Drivers/BSP/Components/LSM303AGR_ACC_driver_HL.o
 .text.LSM303AGR_X_Get_Sensitivity
                0x08009a88       0x88 Drivers/BSP/Components/LSM303AGR_ACC_driver_HL.o
 .text.LSM303AGR_X_Get_ODR
                0x08009b10       0xc4 Drivers/BSP/Components/LSM303AGR_ACC_driver_HL.o
 .text.LSM303AGR_X_Set_ODR
                0x08009bd4       0x46 Drivers/BSP/Components/LSM303AGR_ACC_driver_HL.o
 .text.LSM303AGR_X_Set_ODR_Value
                0x08009c1a       0x46 Drivers/BSP/Components/LSM303AGR_ACC_driver_HL.o
 .text.LSM303AGR_X_Get_FS
                0x08009c60       0x7c Drivers/BSP/Components/LSM303AGR_ACC_driver_HL.o
 .text.LSM303AGR_X_Set_FS
                0x08009cdc       0x4e Drivers/BSP/Components/LSM303AGR_ACC_driver_HL.o
 .text.LSM303AGR_X_Set_FS_Value
                0x08009d2a       0x70 Drivers/BSP/Components/LSM303AGR_ACC_driver_HL.o
 .text.LSM303AGR_X_Get_Axes_Status
                0x08009d9a       0x8c Drivers/BSP/Components/LSM303AGR_ACC_driver_HL.o
 .text.LSM303AGR_X_Set_Axes_Status
                0x08009e26       0x78 Drivers/BSP/Components/LSM303AGR_ACC_driver_HL.o
 .text.LSM303AGR_X_Read_Reg
                0x08009e9e       0x2e Drivers/BSP/Components/LSM303AGR_ACC_driver_HL.o
 .text.LSM303AGR_X_Write_Reg
                0x08009ecc       0x30 Drivers/BSP/Components/LSM303AGR_ACC_driver_HL.o
 .text.LSM303AGR_X_Get_DRDY_Status
                0x08009efc       0x48 Drivers/BSP/Components/LSM303AGR_ACC_driver_HL.o
 .text.LSM303AGR_X_Get_Axes_Raw
                0x08009f44       0xce Drivers/BSP/Components/LSM303AGR_ACC_driver_HL.o
 *fill*         0x0800a012        0x2 
 .text.LSM303AGR_X_Set_ODR_When_Enabled
                0x0800a014       0x6c Drivers/BSP/Components/LSM303AGR_ACC_driver_HL.o
 .text.LSM303AGR_X_Set_ODR_When_Disabled
                0x0800a080       0x84 Drivers/BSP/Components/LSM303AGR_ACC_driver_HL.o
 .text.LSM303AGR_X_Set_ODR_Value_When_Enabled
                0x0800a104       0xc0 Drivers/BSP/Components/LSM303AGR_ACC_driver_HL.o
 .text.LSM303AGR_X_Set_ODR_Value_When_Disabled
                0x0800a1c4       0xd8 Drivers/BSP/Components/LSM303AGR_ACC_driver_HL.o
 .text.LSM303AGR_X_Get_Sensitivity_Normal_Mode
                0x0800a29c       0x84 Drivers/BSP/Components/LSM303AGR_ACC_driver_HL.o
 .text.LSM303AGR_X_Get_Sensitivity_LP_Mode
                0x0800a320       0x84 Drivers/BSP/Components/LSM303AGR_ACC_driver_HL.o
 .text.LSM303AGR_X_Get_Sensitivity_HR_Mode
                0x0800a3a4       0x84 Drivers/BSP/Components/LSM303AGR_ACC_driver_HL.o
 .text.LSM303AGR_MAG_WriteReg
                0x0800a428       0x34 Drivers/BSP/Components/LSM303AGR_MAG_driver.o
                0x0800a428                LSM303AGR_MAG_WriteReg
 .text.LSM303AGR_MAG_ReadReg
                0x0800a45c       0x34 Drivers/BSP/Components/LSM303AGR_MAG_driver.o
                0x0800a45c                LSM303AGR_MAG_ReadReg
 .text.LSM303AGR_MAG_R_WHO_AM_I
                0x0800a490       0x3a Drivers/BSP/Components/LSM303AGR_MAG_driver.o
                0x0800a490                LSM303AGR_MAG_R_WHO_AM_I
 .text.LSM303AGR_MAG_W_BDU
                0x0800a4ca       0x5a Drivers/BSP/Components/LSM303AGR_MAG_driver.o
                0x0800a4ca                LSM303AGR_MAG_W_BDU
 .text.LSM303AGR_MAG_W_MD
                0x0800a524       0x5a Drivers/BSP/Components/LSM303AGR_MAG_driver.o
                0x0800a524                LSM303AGR_MAG_W_MD
 .text.LSM303AGR_MAG_Get_Raw_Magnetic
                0x0800a57e       0x2a Drivers/BSP/Components/LSM303AGR_MAG_driver.o
                0x0800a57e                LSM303AGR_MAG_Get_Raw_Magnetic
 .text.LSM303AGR_MAG_W_ODR
                0x0800a5a8       0x5a Drivers/BSP/Components/LSM303AGR_MAG_driver.o
                0x0800a5a8                LSM303AGR_MAG_W_ODR
 .text.LSM303AGR_MAG_R_ODR
                0x0800a602       0x38 Drivers/BSP/Components/LSM303AGR_MAG_driver.o
                0x0800a602                LSM303AGR_MAG_R_ODR
 .text.LSM303AGR_MAG_W_ST
                0x0800a63a       0x5a Drivers/BSP/Components/LSM303AGR_MAG_driver.o
                0x0800a63a                LSM303AGR_MAG_W_ST
 .text.LSM303AGR_MAG_W_I2C_DIS
                0x0800a694       0x5a Drivers/BSP/Components/LSM303AGR_MAG_driver.o
                0x0800a694                LSM303AGR_MAG_W_I2C_DIS
 .text.LSM303AGR_MAG_R_ZYXDA
                0x0800a6ee       0x38 Drivers/BSP/Components/LSM303AGR_MAG_driver.o
                0x0800a6ee                LSM303AGR_MAG_R_ZYXDA
 .text.LSM303AGR_M_Init
                0x0800a726       0x9a Drivers/BSP/Components/LSM303AGR_MAG_driver_HL.o
 .text.LSM303AGR_M_DeInit
                0x0800a7c0       0x50 Drivers/BSP/Components/LSM303AGR_MAG_driver_HL.o
 .text.LSM303AGR_M_Sensor_Enable
                0x0800a810       0x36 Drivers/BSP/Components/LSM303AGR_MAG_driver_HL.o
 .text.LSM303AGR_M_Sensor_Disable
                0x0800a846       0x36 Drivers/BSP/Components/LSM303AGR_MAG_driver_HL.o
 .text.LSM303AGR_M_Get_WhoAmI
                0x0800a87c       0x26 Drivers/BSP/Components/LSM303AGR_MAG_driver_HL.o
 .text.LSM303AGR_M_Check_WhoAmI
                0x0800a8a2       0x3a Drivers/BSP/Components/LSM303AGR_MAG_driver_HL.o
 .text.LSM303AGR_M_Get_Axes
                0x0800a8dc       0xa6 Drivers/BSP/Components/LSM303AGR_MAG_driver_HL.o
 .text.LSM303AGR_M_Get_AxesRaw
                0x0800a982       0x42 Drivers/BSP/Components/LSM303AGR_MAG_driver_HL.o
 .text.LSM303AGR_M_Get_Sensitivity
                0x0800a9c4       0x20 Drivers/BSP/Components/LSM303AGR_MAG_driver_HL.o
 .text.LSM303AGR_M_Get_ODR
                0x0800a9e4       0xa8 Drivers/BSP/Components/LSM303AGR_MAG_driver_HL.o
 .text.LSM303AGR_M_Set_ODR
                0x0800aa8c       0x6c Drivers/BSP/Components/LSM303AGR_MAG_driver_HL.o
 .text.LSM303AGR_M_Set_ODR_Value
                0x0800aaf8       0x74 Drivers/BSP/Components/LSM303AGR_MAG_driver_HL.o
 .text.LSM303AGR_M_Get_FS
                0x0800ab6c       0x24 Drivers/BSP/Components/LSM303AGR_MAG_driver_HL.o
 .text.LSM303AGR_M_Set_FS
                0x0800ab90       0x1a Drivers/BSP/Components/LSM303AGR_MAG_driver_HL.o
 .text.LSM303AGR_M_Set_FS_Value
                0x0800abaa       0x1a Drivers/BSP/Components/LSM303AGR_MAG_driver_HL.o
 .text.LSM303AGR_M_Read_Reg
                0x0800abc4       0x2e Drivers/BSP/Components/LSM303AGR_MAG_driver_HL.o
 .text.LSM303AGR_M_Write_Reg
                0x0800abf2       0x30 Drivers/BSP/Components/LSM303AGR_MAG_driver_HL.o
 .text.LSM303AGR_M_Get_DRDY_Status
                0x0800ac22       0x48 Drivers/BSP/Components/LSM303AGR_MAG_driver_HL.o
 .text.LSM303AGR_M_Get_Axes_Raw
                0x0800ac6a       0x5c Drivers/BSP/Components/LSM303AGR_MAG_driver_HL.o
 .text.LSM6DSM_ACC_GYRO_ReadReg
                0x0800acc6       0x2e Drivers/BSP/Components/LSM6DSM_ACC_GYRO_driver.o
                0x0800acc6                LSM6DSM_ACC_GYRO_ReadReg
 .text.LSM6DSM_ACC_GYRO_WriteReg
                0x0800acf4       0x30 Drivers/BSP/Components/LSM6DSM_ACC_GYRO_driver.o
                0x0800acf4                LSM6DSM_ACC_GYRO_WriteReg
 .text.LSM6DSM_ACC_GYRO_W_EmbeddedAccess
                0x0800ad24       0x58 Drivers/BSP/Components/LSM6DSM_ACC_GYRO_driver.o
                0x0800ad24                LSM6DSM_ACC_GYRO_W_EmbeddedAccess
 .text.LSM6DSM_ACC_GYRO_W_FIFO_MODE
                0x0800ad7c       0x58 Drivers/BSP/Components/LSM6DSM_ACC_GYRO_driver.o
                0x0800ad7c                LSM6DSM_ACC_GYRO_W_FIFO_MODE
 .text.LSM6DSM_ACC_GYRO_W_STEP_DELTA_on_INT2
                0x0800add4       0x58 Drivers/BSP/Components/LSM6DSM_ACC_GYRO_driver.o
                0x0800add4                LSM6DSM_ACC_GYRO_W_STEP_DELTA_on_INT2
 .text.LSM6DSM_ACC_GYRO_R_WHO_AM_I
                0x0800ae2c       0x38 Drivers/BSP/Components/LSM6DSM_ACC_GYRO_driver.o
                0x0800ae2c                LSM6DSM_ACC_GYRO_R_WHO_AM_I
 .text.LSM6DSM_ACC_GYRO_W_FS_XL
                0x0800ae64       0x58 Drivers/BSP/Components/LSM6DSM_ACC_GYRO_driver.o
                0x0800ae64                LSM6DSM_ACC_GYRO_W_FS_XL
 .text.LSM6DSM_ACC_GYRO_R_FS_XL
                0x0800aebc       0x36 Drivers/BSP/Components/LSM6DSM_ACC_GYRO_driver.o
                0x0800aebc                LSM6DSM_ACC_GYRO_R_FS_XL
 .text.LSM6DSM_ACC_GYRO_W_ODR_XL
                0x0800aef2       0x58 Drivers/BSP/Components/LSM6DSM_ACC_GYRO_driver.o
                0x0800aef2                LSM6DSM_ACC_GYRO_W_ODR_XL
 .text.LSM6DSM_ACC_GYRO_R_ODR_XL
                0x0800af4a       0x36 Drivers/BSP/Components/LSM6DSM_ACC_GYRO_driver.o
                0x0800af4a                LSM6DSM_ACC_GYRO_R_ODR_XL
 .text.LSM6DSM_ACC_GYRO_W_FS_125
                0x0800af80       0x58 Drivers/BSP/Components/LSM6DSM_ACC_GYRO_driver.o
                0x0800af80                LSM6DSM_ACC_GYRO_W_FS_125
 .text.LSM6DSM_ACC_GYRO_R_FS_125
                0x0800afd8       0x36 Drivers/BSP/Components/LSM6DSM_ACC_GYRO_driver.o
                0x0800afd8                LSM6DSM_ACC_GYRO_R_FS_125
 .text.LSM6DSM_ACC_GYRO_W_FS_G
                0x0800b00e       0x58 Drivers/BSP/Components/LSM6DSM_ACC_GYRO_driver.o
                0x0800b00e                LSM6DSM_ACC_GYRO_W_FS_G
 .text.LSM6DSM_ACC_GYRO_R_FS_G
                0x0800b066       0x36 Drivers/BSP/Components/LSM6DSM_ACC_GYRO_driver.o
                0x0800b066                LSM6DSM_ACC_GYRO_R_FS_G
 .text.LSM6DSM_ACC_GYRO_W_ODR_G
                0x0800b09c       0x58 Drivers/BSP/Components/LSM6DSM_ACC_GYRO_driver.o
                0x0800b09c                LSM6DSM_ACC_GYRO_W_ODR_G
 .text.LSM6DSM_ACC_GYRO_R_ODR_G
                0x0800b0f4       0x36 Drivers/BSP/Components/LSM6DSM_ACC_GYRO_driver.o
                0x0800b0f4                LSM6DSM_ACC_GYRO_R_ODR_G
 .text.LSM6DSM_ACC_GYRO_W_IF_Addr_Incr
                0x0800b12a       0x58 Drivers/BSP/Components/LSM6DSM_ACC_GYRO_driver.o
                0x0800b12a                LSM6DSM_ACC_GYRO_W_IF_Addr_Incr
 .text.LSM6DSM_ACC_GYRO_W_BDU
                0x0800b182       0x58 Drivers/BSP/Components/LSM6DSM_ACC_GYRO_driver.o
                0x0800b182                LSM6DSM_ACC_GYRO_W_BDU
 .text.LSM6DSM_ACC_GYRO_W_I2C_DISABLE
                0x0800b1da       0x58 Drivers/BSP/Components/LSM6DSM_ACC_GYRO_driver.o
                0x0800b1da                LSM6DSM_ACC_GYRO_W_I2C_DISABLE
 .text.LSM6DSM_ACC_GYRO_W_PedoStepReset
                0x0800b232       0x58 Drivers/BSP/Components/LSM6DSM_ACC_GYRO_driver.o
                0x0800b232                LSM6DSM_ACC_GYRO_W_PedoStepReset
 .text.LSM6DSM_ACC_GYRO_W_TILT
                0x0800b28a       0x58 Drivers/BSP/Components/LSM6DSM_ACC_GYRO_driver.o
                0x0800b28a                LSM6DSM_ACC_GYRO_W_TILT
 .text.LSM6DSM_ACC_GYRO_W_PEDO
                0x0800b2e2       0x58 Drivers/BSP/Components/LSM6DSM_ACC_GYRO_driver.o
                0x0800b2e2                LSM6DSM_ACC_GYRO_W_PEDO
 .text.LSM6DSM_ACC_GYRO_W_FUNC_EN
                0x0800b33a       0x58 Drivers/BSP/Components/LSM6DSM_ACC_GYRO_driver.o
                0x0800b33a                LSM6DSM_ACC_GYRO_W_FUNC_EN
 .text.LSM6DSM_ACC_GYRO_R_WU_EV_STATUS
                0x0800b392       0x36 Drivers/BSP/Components/LSM6DSM_ACC_GYRO_driver.o
                0x0800b392                LSM6DSM_ACC_GYRO_R_WU_EV_STATUS
 .text.LSM6DSM_ACC_GYRO_R_FF_EV_STATUS
                0x0800b3c8       0x36 Drivers/BSP/Components/LSM6DSM_ACC_GYRO_driver.o
                0x0800b3c8                LSM6DSM_ACC_GYRO_R_FF_EV_STATUS
 .text.LSM6DSM_ACC_GYRO_R_DOUBLE_TAP_EV_STATUS
                0x0800b3fe       0x36 Drivers/BSP/Components/LSM6DSM_ACC_GYRO_driver.o
                0x0800b3fe                LSM6DSM_ACC_GYRO_R_DOUBLE_TAP_EV_STATUS
 .text.LSM6DSM_ACC_GYRO_R_SINGLE_TAP_EV_STATUS
                0x0800b434       0x36 Drivers/BSP/Components/LSM6DSM_ACC_GYRO_driver.o
                0x0800b434                LSM6DSM_ACC_GYRO_R_SINGLE_TAP_EV_STATUS
 .text.LSM6DSM_ACC_GYRO_R_DSD_XL
                0x0800b46a       0x36 Drivers/BSP/Components/LSM6DSM_ACC_GYRO_driver.o
                0x0800b46a                LSM6DSM_ACC_GYRO_R_DSD_XL
 .text.LSM6DSM_ACC_GYRO_R_DSD_XH
                0x0800b4a0       0x36 Drivers/BSP/Components/LSM6DSM_ACC_GYRO_driver.o
                0x0800b4a0                LSM6DSM_ACC_GYRO_R_DSD_XH
 .text.LSM6DSM_ACC_GYRO_R_DSD_YL
                0x0800b4d6       0x36 Drivers/BSP/Components/LSM6DSM_ACC_GYRO_driver.o
                0x0800b4d6                LSM6DSM_ACC_GYRO_R_DSD_YL
 .text.LSM6DSM_ACC_GYRO_R_DSD_YH
                0x0800b50c       0x36 Drivers/BSP/Components/LSM6DSM_ACC_GYRO_driver.o
                0x0800b50c                LSM6DSM_ACC_GYRO_R_DSD_YH
 .text.LSM6DSM_ACC_GYRO_R_DSD_ZL
                0x0800b542       0x36 Drivers/BSP/Components/LSM6DSM_ACC_GYRO_driver.o
                0x0800b542                LSM6DSM_ACC_GYRO_R_DSD_ZL
 .text.LSM6DSM_ACC_GYRO_R_DSD_ZH
                0x0800b578       0x36 Drivers/BSP/Components/LSM6DSM_ACC_GYRO_driver.o
                0x0800b578                LSM6DSM_ACC_GYRO_R_DSD_ZH
 .text.LSM6DSM_ACC_GYRO_R_D6D_EV_STATUS
                0x0800b5ae       0x36 Drivers/BSP/Components/LSM6DSM_ACC_GYRO_driver.o
                0x0800b5ae                LSM6DSM_ACC_GYRO_R_D6D_EV_STATUS
 .text.LSM6DSM_ACC_GYRO_R_XLDA
                0x0800b5e4       0x36 Drivers/BSP/Components/LSM6DSM_ACC_GYRO_driver.o
                0x0800b5e4                LSM6DSM_ACC_GYRO_R_XLDA
 .text.LSM6DSM_ACC_GYRO_R_GDA
                0x0800b61a       0x36 Drivers/BSP/Components/LSM6DSM_ACC_GYRO_driver.o
                0x0800b61a                LSM6DSM_ACC_GYRO_R_GDA
 .text.LSM6DSM_ACC_GYRO_R_PEDO_EV_STATUS
                0x0800b650       0x36 Drivers/BSP/Components/LSM6DSM_ACC_GYRO_driver.o
                0x0800b650                LSM6DSM_ACC_GYRO_R_PEDO_EV_STATUS
 .text.LSM6DSM_ACC_GYRO_R_TILT_EV_STATUS
                0x0800b686       0x36 Drivers/BSP/Components/LSM6DSM_ACC_GYRO_driver.o
                0x0800b686                LSM6DSM_ACC_GYRO_R_TILT_EV_STATUS
 .text.LSM6DSM_ACC_GYRO_W_TAP_Z_EN
                0x0800b6bc       0x58 Drivers/BSP/Components/LSM6DSM_ACC_GYRO_driver.o
                0x0800b6bc                LSM6DSM_ACC_GYRO_W_TAP_Z_EN
 .text.LSM6DSM_ACC_GYRO_W_TAP_Y_EN
                0x0800b714       0x58 Drivers/BSP/Components/LSM6DSM_ACC_GYRO_driver.o
                0x0800b714                LSM6DSM_ACC_GYRO_W_TAP_Y_EN
 .text.LSM6DSM_ACC_GYRO_W_TAP_X_EN
                0x0800b76c       0x58 Drivers/BSP/Components/LSM6DSM_ACC_GYRO_driver.o
                0x0800b76c                LSM6DSM_ACC_GYRO_W_TAP_X_EN
 .text.LSM6DSM_ACC_GYRO_W_BASIC_INT
                0x0800b7c4       0x58 Drivers/BSP/Components/LSM6DSM_ACC_GYRO_driver.o
                0x0800b7c4                LSM6DSM_ACC_GYRO_W_BASIC_INT
 .text.LSM6DSM_ACC_GYRO_W_TAP_THS
                0x0800b81c       0x60 Drivers/BSP/Components/LSM6DSM_ACC_GYRO_driver.o
                0x0800b81c                LSM6DSM_ACC_GYRO_W_TAP_THS
 .text.LSM6DSM_ACC_GYRO_W_SIXD_THS
                0x0800b87c       0x58 Drivers/BSP/Components/LSM6DSM_ACC_GYRO_driver.o
                0x0800b87c                LSM6DSM_ACC_GYRO_W_SIXD_THS
 .text.LSM6DSM_ACC_GYRO_W_SHOCK_Duration
                0x0800b8d4       0x60 Drivers/BSP/Components/LSM6DSM_ACC_GYRO_driver.o
                0x0800b8d4                LSM6DSM_ACC_GYRO_W_SHOCK_Duration
 .text.LSM6DSM_ACC_GYRO_W_QUIET_Duration
                0x0800b934       0x66 Drivers/BSP/Components/LSM6DSM_ACC_GYRO_driver.o
                0x0800b934                LSM6DSM_ACC_GYRO_W_QUIET_Duration
 .text.LSM6DSM_ACC_GYRO_W_DUR
                0x0800b99a       0x66 Drivers/BSP/Components/LSM6DSM_ACC_GYRO_driver.o
                0x0800b99a                LSM6DSM_ACC_GYRO_W_DUR
 .text.LSM6DSM_ACC_GYRO_W_WK_THS
                0x0800ba00       0x60 Drivers/BSP/Components/LSM6DSM_ACC_GYRO_driver.o
                0x0800ba00                LSM6DSM_ACC_GYRO_W_WK_THS
 .text.LSM6DSM_ACC_GYRO_W_SINGLE_DOUBLE_TAP_EV
                0x0800ba60       0x58 Drivers/BSP/Components/LSM6DSM_ACC_GYRO_driver.o
                0x0800ba60                LSM6DSM_ACC_GYRO_W_SINGLE_DOUBLE_TAP_EV
 .text.LSM6DSM_ACC_GYRO_W_SLEEP_DUR
                0x0800bab8       0x60 Drivers/BSP/Components/LSM6DSM_ACC_GYRO_driver.o
                0x0800bab8                LSM6DSM_ACC_GYRO_W_SLEEP_DUR
 .text.LSM6DSM_ACC_GYRO_W_TIMER_HR
                0x0800bb18       0x58 Drivers/BSP/Components/LSM6DSM_ACC_GYRO_driver.o
                0x0800bb18                LSM6DSM_ACC_GYRO_W_TIMER_HR
 .text.LSM6DSM_ACC_GYRO_W_WAKE_DUR
                0x0800bb70       0x66 Drivers/BSP/Components/LSM6DSM_ACC_GYRO_driver.o
                0x0800bb70                LSM6DSM_ACC_GYRO_W_WAKE_DUR
 .text.LSM6DSM_ACC_GYRO_W_FF_THS
                0x0800bbd6       0x58 Drivers/BSP/Components/LSM6DSM_ACC_GYRO_driver.o
                0x0800bbd6                LSM6DSM_ACC_GYRO_W_FF_THS
 .text.LSM6DSM_ACC_GYRO_W_FF_Duration
                0x0800bc2e       0xca Drivers/BSP/Components/LSM6DSM_ACC_GYRO_driver.o
                0x0800bc2e                LSM6DSM_ACC_GYRO_W_FF_Duration
 .text.LSM6DSM_ACC_GYRO_W_TiltEvOnInt2
                0x0800bcf8       0x58 Drivers/BSP/Components/LSM6DSM_ACC_GYRO_driver.o
                0x0800bcf8                LSM6DSM_ACC_GYRO_W_TiltEvOnInt2
 .text.LSM6DSM_ACC_GYRO_W_6DEvOnInt2
                0x0800bd50       0x58 Drivers/BSP/Components/LSM6DSM_ACC_GYRO_driver.o
                0x0800bd50                LSM6DSM_ACC_GYRO_W_6DEvOnInt2
 .text.LSM6DSM_ACC_GYRO_W_TapEvOnInt2
                0x0800bda8       0x58 Drivers/BSP/Components/LSM6DSM_ACC_GYRO_driver.o
                0x0800bda8                LSM6DSM_ACC_GYRO_W_TapEvOnInt2
 .text.LSM6DSM_ACC_GYRO_W_FFEvOnInt2
                0x0800be00       0x58 Drivers/BSP/Components/LSM6DSM_ACC_GYRO_driver.o
                0x0800be00                LSM6DSM_ACC_GYRO_W_FFEvOnInt2
 .text.LSM6DSM_ACC_GYRO_W_WUEvOnInt2
                0x0800be58       0x58 Drivers/BSP/Components/LSM6DSM_ACC_GYRO_driver.o
                0x0800be58                LSM6DSM_ACC_GYRO_W_WUEvOnInt2
 .text.LSM6DSM_ACC_GYRO_W_SingleTapOnInt2
                0x0800beb0       0x58 Drivers/BSP/Components/LSM6DSM_ACC_GYRO_driver.o
                0x0800beb0                LSM6DSM_ACC_GYRO_W_SingleTapOnInt2
 .text.LSM6DSM_ACC_GYRO_GetRawGyroData
                0x0800bf08       0x66 Drivers/BSP/Components/LSM6DSM_ACC_GYRO_driver.o
                0x0800bf08                LSM6DSM_ACC_GYRO_GetRawGyroData
 .text.LSM6DSM_ACC_GYRO_GetRawAccData
                0x0800bf6e       0x66 Drivers/BSP/Components/LSM6DSM_ACC_GYRO_driver.o
                0x0800bf6e                LSM6DSM_ACC_GYRO_GetRawAccData
 .text.LSM6DSM_ACC_GYRO_Get_GetStepCounter
                0x0800bfd4       0x66 Drivers/BSP/Components/LSM6DSM_ACC_GYRO_driver.o
                0x0800bfd4                LSM6DSM_ACC_GYRO_Get_GetStepCounter
 .text.LSM6DSM_ACC_GYRO_W_PedoThreshold
                0x0800c03a       0x88 Drivers/BSP/Components/LSM6DSM_ACC_GYRO_driver.o
                0x0800c03a                LSM6DSM_ACC_GYRO_W_PedoThreshold
 *fill*         0x0800c0c2        0x2 
 .text.LSM6DSM_X_Init
                0x0800c0c4       0xa4 Drivers/BSP/Components/LSM6DSM_ACC_GYRO_driver_HL.o
 .text.LSM6DSM_X_DeInit
                0x0800c168       0xc8 Drivers/BSP/Components/LSM6DSM_ACC_GYRO_driver_HL.o
 .text.LSM6DSM_X_Sensor_Enable
                0x0800c230       0x4a Drivers/BSP/Components/LSM6DSM_ACC_GYRO_driver_HL.o
 .text.LSM6DSM_X_Sensor_Disable
                0x0800c27a       0x58 Drivers/BSP/Components/LSM6DSM_ACC_GYRO_driver_HL.o
 .text.LSM6DSM_X_Get_WhoAmI
                0x0800c2d2       0x1c Drivers/BSP/Components/LSM6DSM_ACC_GYRO_driver_HL.o
 .text.LSM6DSM_X_Check_WhoAmI
                0x0800c2ee       0x18 Drivers/BSP/Components/LSM6DSM_ACC_GYRO_driver_HL.o
 .text.LSM6DSM_X_Get_Axes
                0x0800c306       0xa6 Drivers/BSP/Components/LSM6DSM_ACC_GYRO_driver_HL.o
 .text.LSM6DSM_X_Get_AxesRaw
                0x0800c3ac       0x42 Drivers/BSP/Components/LSM6DSM_ACC_GYRO_driver_HL.o
 *fill*         0x0800c3ee        0x2 
 .text.LSM6DSM_X_Get_Sensitivity
                0x0800c3f0       0xa8 Drivers/BSP/Components/LSM6DSM_ACC_GYRO_driver_HL.o
 .text.LSM6DSM_X_Get_ODR
                0x0800c498       0xfc Drivers/BSP/Components/LSM6DSM_ACC_GYRO_driver_HL.o
 .text.LSM6DSM_X_Set_ODR
                0x0800c594       0x46 Drivers/BSP/Components/LSM6DSM_ACC_GYRO_driver_HL.o
 .text.LSM6DSM_X_Set_ODR_Value
                0x0800c5da       0x46 Drivers/BSP/Components/LSM6DSM_ACC_GYRO_driver_HL.o
 .text.LSM6DSM_X_Get_FS
                0x0800c620       0xa0 Drivers/BSP/Components/LSM6DSM_ACC_GYRO_driver_HL.o
 .text.LSM6DSM_X_Set_FS
                0x0800c6c0       0x4e Drivers/BSP/Components/LSM6DSM_ACC_GYRO_driver_HL.o
 .text.LSM6DSM_X_Set_FS_Value
                0x0800c70e       0x70 Drivers/BSP/Components/LSM6DSM_ACC_GYRO_driver_HL.o
 *fill*         0x0800c77e        0x2 
 .text.LSM6DSM_G_Init
                0x0800c780       0xa4 Drivers/BSP/Components/LSM6DSM_ACC_GYRO_driver_HL.o
 .text.LSM6DSM_G_DeInit
                0x0800c824       0x58 Drivers/BSP/Components/LSM6DSM_ACC_GYRO_driver_HL.o
 .text.LSM6DSM_G_Sensor_Enable
                0x0800c87c       0x4a Drivers/BSP/Components/LSM6DSM_ACC_GYRO_driver_HL.o
 .text.LSM6DSM_G_Sensor_Disable
                0x0800c8c6       0x58 Drivers/BSP/Components/LSM6DSM_ACC_GYRO_driver_HL.o
 .text.LSM6DSM_G_Get_WhoAmI
                0x0800c91e       0x1c Drivers/BSP/Components/LSM6DSM_ACC_GYRO_driver_HL.o
 .text.LSM6DSM_G_Check_WhoAmI
                0x0800c93a       0x18 Drivers/BSP/Components/LSM6DSM_ACC_GYRO_driver_HL.o
 .text.LSM6DSM_G_Get_Axes
                0x0800c952       0xa6 Drivers/BSP/Components/LSM6DSM_ACC_GYRO_driver_HL.o
 .text.LSM6DSM_G_Get_AxesRaw
                0x0800c9f8       0x42 Drivers/BSP/Components/LSM6DSM_ACC_GYRO_driver_HL.o
 *fill*         0x0800ca3a        0x2 
 .text.LSM6DSM_G_Get_Sensitivity
                0x0800ca3c       0xd0 Drivers/BSP/Components/LSM6DSM_ACC_GYRO_driver_HL.o
 .text.LSM6DSM_G_Get_ODR
                0x0800cb0c       0xfc Drivers/BSP/Components/LSM6DSM_ACC_GYRO_driver_HL.o
 .text.LSM6DSM_G_Set_ODR
                0x0800cc08       0x46 Drivers/BSP/Components/LSM6DSM_ACC_GYRO_driver_HL.o
 .text.LSM6DSM_G_Set_ODR_Value
                0x0800cc4e       0x46 Drivers/BSP/Components/LSM6DSM_ACC_GYRO_driver_HL.o
 .text.LSM6DSM_G_Get_FS
                0x0800cc94       0xd0 Drivers/BSP/Components/LSM6DSM_ACC_GYRO_driver_HL.o
 .text.LSM6DSM_G_Set_FS
                0x0800cd64       0x4e Drivers/BSP/Components/LSM6DSM_ACC_GYRO_driver_HL.o
 *fill*         0x0800cdb2        0x2 
 .text.LSM6DSM_G_Set_FS_Value
                0x0800cdb4       0xb8 Drivers/BSP/Components/LSM6DSM_ACC_GYRO_driver_HL.o
 .text.LSM6DSM_Get_WhoAmI
                0x0800ce6c       0x26 Drivers/BSP/Components/LSM6DSM_ACC_GYRO_driver_HL.o
 .text.LSM6DSM_Check_WhoAmI
                0x0800ce92       0x3a Drivers/BSP/Components/LSM6DSM_ACC_GYRO_driver_HL.o
 .text.LSM6DSM_X_Get_Axes_Raw
                0x0800cecc       0x7a Drivers/BSP/Components/LSM6DSM_ACC_GYRO_driver_HL.o
 *fill*         0x0800cf46        0x2 
 .text.LSM6DSM_X_Set_ODR_When_Enabled
                0x0800cf48       0x6c Drivers/BSP/Components/LSM6DSM_ACC_GYRO_driver_HL.o
 .text.LSM6DSM_X_Set_ODR_When_Disabled
                0x0800cfb4       0x84 Drivers/BSP/Components/LSM6DSM_ACC_GYRO_driver_HL.o
 .text.LSM6DSM_X_Set_ODR_Value_When_Enabled
                0x0800d038      0x110 Drivers/BSP/Components/LSM6DSM_ACC_GYRO_driver_HL.o
 .text.LSM6DSM_X_Set_ODR_Value_When_Disabled
                0x0800d148      0x138 Drivers/BSP/Components/LSM6DSM_ACC_GYRO_driver_HL.o
 .text.LSM6DSM_G_Get_Axes_Raw
                0x0800d280       0x7a Drivers/BSP/Components/LSM6DSM_ACC_GYRO_driver_HL.o
 *fill*         0x0800d2fa        0x2 
 .text.LSM6DSM_G_Set_ODR_When_Enabled
                0x0800d2fc       0x6c Drivers/BSP/Components/LSM6DSM_ACC_GYRO_driver_HL.o
 .text.LSM6DSM_G_Set_ODR_When_Disabled
                0x0800d368       0x84 Drivers/BSP/Components/LSM6DSM_ACC_GYRO_driver_HL.o
 .text.LSM6DSM_G_Set_ODR_Value_When_Enabled
                0x0800d3ec      0x110 Drivers/BSP/Components/LSM6DSM_ACC_GYRO_driver_HL.o
 .text.LSM6DSM_G_Set_ODR_Value_When_Disabled
                0x0800d4fc      0x138 Drivers/BSP/Components/LSM6DSM_ACC_GYRO_driver_HL.o
 .text.LSM6DSM_X_Enable_Free_Fall_Detection
                0x0800d634       0xbc Drivers/BSP/Components/LSM6DSM_ACC_GYRO_driver_HL.o
 .text.LSM6DSM_X_Disable_Free_Fall_Detection
                0x0800d6f0       0x5a Drivers/BSP/Components/LSM6DSM_ACC_GYRO_driver_HL.o
 .text.LSM6DSM_X_Get_Free_Fall_Detection_Status
                0x0800d74a       0x48 Drivers/BSP/Components/LSM6DSM_ACC_GYRO_driver_HL.o
 .text.LSM6DSM_X_Set_Free_Fall_Threshold
                0x0800d792       0x2a Drivers/BSP/Components/LSM6DSM_ACC_GYRO_driver_HL.o
 .text.LSM6DSM_X_Enable_Pedometer
                0x0800d7bc       0x80 Drivers/BSP/Components/LSM6DSM_ACC_GYRO_driver_HL.o
 .text.LSM6DSM_X_Disable_Pedometer
                0x0800d83c       0x5a Drivers/BSP/Components/LSM6DSM_ACC_GYRO_driver_HL.o
 .text.LSM6DSM_X_Get_Pedometer_Status
                0x0800d896       0x48 Drivers/BSP/Components/LSM6DSM_ACC_GYRO_driver_HL.o
 .text.LSM6DSM_X_Get_Step_Count
                0x0800d8de       0x26 Drivers/BSP/Components/LSM6DSM_ACC_GYRO_driver_HL.o
 .text.LSM6DSM_X_Enable_Step_Counter_Reset
                0x0800d904       0x24 Drivers/BSP/Components/LSM6DSM_ACC_GYRO_driver_HL.o
 .text.LSM6DSM_X_Disable_Step_Counter_Reset
                0x0800d928       0x24 Drivers/BSP/Components/LSM6DSM_ACC_GYRO_driver_HL.o
 .text.LSM6DSM_X_Set_Pedometer_Threshold
                0x0800d94c       0x2a Drivers/BSP/Components/LSM6DSM_ACC_GYRO_driver_HL.o
 .text.LSM6DSM_X_Enable_Tilt_Detection
                0x0800d976       0x6e Drivers/BSP/Components/LSM6DSM_ACC_GYRO_driver_HL.o
 .text.LSM6DSM_X_Disable_Tilt_Detection
                0x0800d9e4       0x48 Drivers/BSP/Components/LSM6DSM_ACC_GYRO_driver_HL.o
 .text.LSM6DSM_X_Get_Tilt_Detection_Status
                0x0800da2c       0x48 Drivers/BSP/Components/LSM6DSM_ACC_GYRO_driver_HL.o
 .text.LSM6DSM_X_Enable_Wake_Up_Detection
                0x0800da74       0x84 Drivers/BSP/Components/LSM6DSM_ACC_GYRO_driver_HL.o
 .text.LSM6DSM_X_Disable_Wake_Up_Detection
                0x0800daf8       0x5a Drivers/BSP/Components/LSM6DSM_ACC_GYRO_driver_HL.o
 .text.LSM6DSM_X_Get_Wake_Up_Detection_Status
                0x0800db52       0x48 Drivers/BSP/Components/LSM6DSM_ACC_GYRO_driver_HL.o
 .text.LSM6DSM_X_Set_Wake_Up_Threshold
                0x0800db9a       0x2a Drivers/BSP/Components/LSM6DSM_ACC_GYRO_driver_HL.o
 .text.LSM6DSM_X_Enable_Single_Tap_Detection
                0x0800dbc4       0xcc Drivers/BSP/Components/LSM6DSM_ACC_GYRO_driver_HL.o
 .text.LSM6DSM_X_Disable_Single_Tap_Detection
                0x0800dc90       0xa2 Drivers/BSP/Components/LSM6DSM_ACC_GYRO_driver_HL.o
 .text.LSM6DSM_X_Get_Single_Tap_Detection_Status
                0x0800dd32       0x48 Drivers/BSP/Components/LSM6DSM_ACC_GYRO_driver_HL.o
 *fill*         0x0800dd7a        0x2 
 .text.LSM6DSM_X_Enable_Double_Tap_Detection
                0x0800dd7c       0xf0 Drivers/BSP/Components/LSM6DSM_ACC_GYRO_driver_HL.o
 .text.LSM6DSM_X_Disable_Double_Tap_Detection
                0x0800de6c       0xc6 Drivers/BSP/Components/LSM6DSM_ACC_GYRO_driver_HL.o
 .text.LSM6DSM_X_Get_Double_Tap_Detection_Status
                0x0800df32       0x48 Drivers/BSP/Components/LSM6DSM_ACC_GYRO_driver_HL.o
 .text.LSM6DSM_X_Set_Tap_Threshold
                0x0800df7a       0x2a Drivers/BSP/Components/LSM6DSM_ACC_GYRO_driver_HL.o
 .text.LSM6DSM_X_Set_Tap_Shock_Time
                0x0800dfa4       0x2a Drivers/BSP/Components/LSM6DSM_ACC_GYRO_driver_HL.o
 .text.LSM6DSM_X_Set_Tap_Quiet_Time
                0x0800dfce       0x2a Drivers/BSP/Components/LSM6DSM_ACC_GYRO_driver_HL.o
 .text.LSM6DSM_X_Set_Tap_Duration_Time
                0x0800dff8       0x2a Drivers/BSP/Components/LSM6DSM_ACC_GYRO_driver_HL.o
 *fill*         0x0800e022        0x2 
 .text.LSM6DSM_X_Enable_6D_Orientation
                0x0800e024       0x74 Drivers/BSP/Components/LSM6DSM_ACC_GYRO_driver_HL.o
 .text.LSM6DSM_X_Disable_6D_Orientation
                0x0800e098       0x48 Drivers/BSP/Components/LSM6DSM_ACC_GYRO_driver_HL.o
 .text.LSM6DSM_X_Get_6D_Orientation_Status
                0x0800e0e0       0x48 Drivers/BSP/Components/LSM6DSM_ACC_GYRO_driver_HL.o
 .text.LSM6DSM_X_Get_6D_Orientation_XL
                0x0800e128       0x48 Drivers/BSP/Components/LSM6DSM_ACC_GYRO_driver_HL.o
 .text.LSM6DSM_X_Get_6D_Orientation_XH
                0x0800e170       0x48 Drivers/BSP/Components/LSM6DSM_ACC_GYRO_driver_HL.o
 .text.LSM6DSM_X_Get_6D_Orientation_YL
                0x0800e1b8       0x48 Drivers/BSP/Components/LSM6DSM_ACC_GYRO_driver_HL.o
 .text.LSM6DSM_X_Get_6D_Orientation_YH
                0x0800e200       0x48 Drivers/BSP/Components/LSM6DSM_ACC_GYRO_driver_HL.o
 .text.LSM6DSM_X_Get_6D_Orientation_ZL
                0x0800e248       0x48 Drivers/BSP/Components/LSM6DSM_ACC_GYRO_driver_HL.o
 .text.LSM6DSM_X_Get_6D_Orientation_ZH
                0x0800e290       0x48 Drivers/BSP/Components/LSM6DSM_ACC_GYRO_driver_HL.o
 .text.LSM6DSM_X_Read_Reg
                0x0800e2d8       0x2e Drivers/BSP/Components/LSM6DSM_ACC_GYRO_driver_HL.o
 .text.LSM6DSM_X_Write_Reg
                0x0800e306       0x30 Drivers/BSP/Components/LSM6DSM_ACC_GYRO_driver_HL.o
 .text.LSM6DSM_X_Get_DRDY_Status
                0x0800e336       0x48 Drivers/BSP/Components/LSM6DSM_ACC_GYRO_driver_HL.o
 .text.LSM6DSM_G_Read_Reg
                0x0800e37e       0x2e Drivers/BSP/Components/LSM6DSM_ACC_GYRO_driver_HL.o
 .text.LSM6DSM_G_Write_Reg
                0x0800e3ac       0x30 Drivers/BSP/Components/LSM6DSM_ACC_GYRO_driver_HL.o
 .text.LSM6DSM_G_Get_DRDY_Status
                0x0800e3dc       0x48 Drivers/BSP/Components/LSM6DSM_ACC_GYRO_driver_HL.o
 .text.STC3115_Init
                0x0800e424      0x254 Drivers/BSP/Components/STC3115_Driver.o
 .text.STC3115_DeInit
                0x0800e678       0x1c Drivers/BSP/Components/STC3115_Driver.o
 .text.STC3115_Get_WhoAmI
                0x0800e694       0x2a Drivers/BSP/Components/STC3115_Driver.o
 *fill*         0x0800e6be        0x2 
 .text.STC3115_Task
                0x0800e6c0      0x2a8 Drivers/BSP/Components/STC3115_Driver.o
 .text.STC3115_Reset
                0x0800e968       0x52 Drivers/BSP/Components/STC3115_Driver.o
 .text.STC3115_Stop
                0x0800e9ba       0x4e Drivers/BSP/Components/STC3115_Driver.o
 .text.STC3115_GetSOC
                0x0800ea08       0x38 Drivers/BSP/Components/STC3115_Driver.o
 .text.STC3115_GetOCV
                0x0800ea40       0x26 Drivers/BSP/Components/STC3115_Driver.o
 .text.STC3115_GetCurrent
                0x0800ea66       0x24 Drivers/BSP/Components/STC3115_Driver.o
 .text.STC3115_GetTemperature
                0x0800ea8a       0x24 Drivers/BSP/Components/STC3115_Driver.o
 .text.STC3115_GetVoltage
                0x0800eaae       0x26 Drivers/BSP/Components/STC3115_Driver.o
 .text.STC3115_GetChargeValue
                0x0800ead4       0x26 Drivers/BSP/Components/STC3115_Driver.o
 .text.STC3115_GetPresence
                0x0800eafa       0x26 Drivers/BSP/Components/STC3115_Driver.o
 .text.STC3115_GetAlarmStatus
                0x0800eb20       0x2a Drivers/BSP/Components/STC3115_Driver.o
 .text.STC3115_Status
                0x0800eb4a       0x52 Drivers/BSP/Components/STC3115_Driver.o
 .text.STC3115_CalcRamCRC8
                0x0800eb9c       0x6c Drivers/BSP/Components/STC3115_Driver.o
 .text.STC3115_UpdateRamCRC
                0x0800ec08       0x30 Drivers/BSP/Components/STC3115_Driver.o
 .text.STC3115_InitRamData
                0x0800ec38       0x5a Drivers/BSP/Components/STC3115_Driver.o
 .text.STC3115_WriteRamData
                0x0800ec92       0x2c Drivers/BSP/Components/STC3115_Driver.o
 .text.STC3115_ReadRamData
                0x0800ecbe       0x2c Drivers/BSP/Components/STC3115_Driver.o
 .text.STC3115_ReadBatteryData
                0x0800ecea      0x156 Drivers/BSP/Components/STC3115_Driver.o
 .text.STC3115_Restore
                0x0800ee40       0x60 Drivers/BSP/Components/STC3115_Driver.o
 .text.STC3115_Powerdown
                0x0800eea0       0x42 Drivers/BSP/Components/STC3115_Driver.o
 .text.STC3115_conv
                0x0800eee2       0x38 Drivers/BSP/Components/STC3115_Driver.o
 .text.STC3115_Startup
                0x0800ef1a       0x48 Drivers/BSP/Components/STC3115_Driver.o
 .text.STC3115_Read
                0x0800ef62       0x36 Drivers/BSP/Components/STC3115_Driver.o
 .text.STC3115_Write
                0x0800ef98       0x36 Drivers/BSP/Components/STC3115_Driver.o
 .text.STC3115_ReadWord
                0x0800efce       0x3a Drivers/BSP/Components/STC3115_Driver.o
 .text.STC3115_WriteWord
                0x0800f008       0x38 Drivers/BSP/Components/STC3115_Driver.o
 .text.STC3115_SetParam
                0x0800f040      0x128 Drivers/BSP/Components/STC3115_Driver.o
 .text.BSP_LED_Init
                0x0800f168       0xa0 Drivers/BSP/SensorTile/SensorTile.o
                0x0800f168                BSP_LED_Init
 .text.BSP_LED_On
                0x0800f208       0x5c Drivers/BSP/SensorTile/SensorTile.o
                0x0800f208                BSP_LED_On
 .text.BSP_LED_Off
                0x0800f264       0x5c Drivers/BSP/SensorTile/SensorTile.o
                0x0800f264                BSP_LED_Off
 .text.Sensor_IO_I2C_Init
                0x0800f2c0       0x18 Drivers/BSP/SensorTile/SensorTile.o
                0x0800f2c0                Sensor_IO_I2C_Init
 .text.Sensor_IO_SPI_Init
                0x0800f2d8      0x118 Drivers/BSP/SensorTile/SensorTile.o
                0x0800f2d8                Sensor_IO_SPI_Init
 .text.Sensor_IO_SPI_CS_Init_All
                0x0800f3f0      0x124 Drivers/BSP/SensorTile/SensorTile.o
                0x0800f3f0                Sensor_IO_SPI_CS_Init_All
 .text.Sensor_IO_SPI_CS_Init
                0x0800f514      0x12c Drivers/BSP/SensorTile/SensorTile.o
                0x0800f514                Sensor_IO_SPI_CS_Init
 .text.Sensor_IO_Write
                0x0800f640       0x84 Drivers/BSP/SensorTile/SensorTile.o
                0x0800f640                Sensor_IO_Write
 .text.Sensor_IO_I2C_Write
                0x0800f6c4       0x30 Drivers/BSP/SensorTile/SensorTile.o
                0x0800f6c4                Sensor_IO_I2C_Write
 .text.Sensor_IO_Read
                0x0800f6f4       0x84 Drivers/BSP/SensorTile/SensorTile.o
                0x0800f6f4                Sensor_IO_Read
 .text.Sensor_IO_I2C_Read
                0x0800f778       0x30 Drivers/BSP/SensorTile/SensorTile.o
                0x0800f778                Sensor_IO_I2C_Read
 .text.Sensor_IO_SPI_Write
                0x0800f7a8       0x60 Drivers/BSP/SensorTile/SensorTile.o
                0x0800f7a8                Sensor_IO_SPI_Write
 .text.Sensor_IO_SPI_Read
                0x0800f808       0x9c Drivers/BSP/SensorTile/SensorTile.o
                0x0800f808                Sensor_IO_SPI_Read
 .text.Sensor_IO_SPI_CS_Enable
                0x0800f8a4       0x74 Drivers/BSP/SensorTile/SensorTile.o
                0x0800f8a4                Sensor_IO_SPI_CS_Enable
 .text.Sensor_IO_SPI_CS_Disable
                0x0800f918       0x74 Drivers/BSP/SensorTile/SensorTile.o
                0x0800f918                Sensor_IO_SPI_CS_Disable
 .text.LSM6DSM_Sensor_IO_ITConfig
                0x0800f98c       0x5c Drivers/BSP/SensorTile/SensorTile.o
                0x0800f98c                LSM6DSM_Sensor_IO_ITConfig
 .text.SPI_Read
                0x0800f9e8       0x70 Drivers/BSP/SensorTile/SensorTile.o
                0x0800f9e8                SPI_Read
 .text.SPI_Read_nBytes
                0x0800fa58       0xa4 Drivers/BSP/SensorTile/SensorTile.o
                0x0800fa58                SPI_Read_nBytes
 .text.SPI_Write
                0x0800fafc       0x52 Drivers/BSP/SensorTile/SensorTile.o
                0x0800fafc                SPI_Write
 *fill*         0x0800fb4e        0x2 
 .text.I2C_SENSORTILE_Init
                0x0800fb50       0x54 Drivers/BSP/SensorTile/SensorTile.o
 .text.I2C_SENSORTILE_WriteData
                0x0800fba4       0x60 Drivers/BSP/SensorTile/SensorTile.o
 .text.I2C_SENSORTILE_ReadData
                0x0800fc04       0x60 Drivers/BSP/SensorTile/SensorTile.o
 .text.I2C_SENSORTILE_Error
                0x0800fc64       0x20 Drivers/BSP/SensorTile/SensorTile.o
 .text.I2C_SENSORTILE_MspInit
                0x0800fc84       0xc0 Drivers/BSP/SensorTile/SensorTile.o
 .text.SD_IO_SPI_MspInit
                0x0800fd44       0xc0 Drivers/BSP/SensorTile/SensorTile.o
 .text.SD_IO_SPI_Init_LS
                0x0800fe04       0x78 Drivers/BSP/SensorTile/SensorTile.o
 .text.SD_IO_SPI_Init
                0x0800fe7c       0x78 Drivers/BSP/SensorTile/SensorTile.o
 .text.SD_IO_SPI_Read
                0x0800fef4       0x48 Drivers/BSP/SensorTile/SensorTile.o
 .text.SD_IO_SPI_Write
                0x0800ff3c       0x3c Drivers/BSP/SensorTile/SensorTile.o
 .text.SD_IO_SPI_Error
                0x0800ff78       0x18 Drivers/BSP/SensorTile/SensorTile.o
 .text.SD_IO_Init
                0x0800ff90       0x40 Drivers/BSP/SensorTile/SensorTile.o
                0x0800ff90                SD_IO_Init
 .text.SD_IO_Init_LS
                0x0800ffd0       0x40 Drivers/BSP/SensorTile/SensorTile.o
                0x0800ffd0                SD_IO_Init_LS
 .text.SD_IO_CS_Init
                0x08010010       0x4c Drivers/BSP/SensorTile/SensorTile.o
                0x08010010                SD_IO_CS_Init
 .text.SD_IO_CS_DeInit
                0x0801005c       0x30 Drivers/BSP/SensorTile/SensorTile.o
                0x0801005c                SD_IO_CS_DeInit
 .text.SD_IO_WriteByte
                0x0801008c       0x1a Drivers/BSP/SensorTile/SensorTile.o
                0x0801008c                SD_IO_WriteByte
 .text.SD_IO_ReadByte
                0x080100a6       0x1c Drivers/BSP/SensorTile/SensorTile.o
                0x080100a6                SD_IO_ReadByte
 *fill*         0x080100c2        0x2 
 .text.SD_IO_WriteCmd_wResp
                0x080100c4       0xa0 Drivers/BSP/SensorTile/SensorTile.o
                0x080100c4                SD_IO_WriteCmd_wResp
 .text.SD_IO_WriteCmd
                0x08010164       0x98 Drivers/BSP/SensorTile/SensorTile.o
                0x08010164                SD_IO_WriteCmd
 .text.SD_IO_WaitResponse
                0x080101fc       0x3e Drivers/BSP/SensorTile/SensorTile.o
                0x080101fc                SD_IO_WaitResponse
 *fill*         0x0801023a        0x2 
 .text.SD_IO_WriteDummy
                0x0801023c       0x20 Drivers/BSP/SensorTile/SensorTile.o
                0x0801023c                SD_IO_WriteDummy
 .text.BSP_ACCELERO_Init
                0x0801025c       0x6e Drivers/BSP/SensorTile/SensorTile_accelero.o
                0x0801025c                BSP_ACCELERO_Init
 *fill*         0x080102ca        0x2 
 .text.BSP_LSM6DSM_ACCELERO_Init
                0x080102cc      0x140 Drivers/BSP/SensorTile/SensorTile_accelero.o
 .text.BSP_LSM303AGR_ACCELERO_Init
                0x0801040c      0x128 Drivers/BSP/SensorTile/SensorTile_accelero.o
 .text.BSP_ACCELERO_Sensor_Enable
                0x08010534       0x48 Drivers/BSP/SensorTile/SensorTile_accelero.o
                0x08010534                BSP_ACCELERO_Sensor_Enable
 .text.BSP_ACCELERO_IsInitialized
                0x0801057c       0x38 Drivers/BSP/SensorTile/SensorTile_accelero.o
                0x0801057c                BSP_ACCELERO_IsInitialized
 .text.BSP_ACCELERO_Get_Instance
                0x080105b4       0x38 Drivers/BSP/SensorTile/SensorTile_accelero.o
                0x080105b4                BSP_ACCELERO_Get_Instance
 .text.BSP_ACCELERO_Get_WhoAmI
                0x080105ec       0x4c Drivers/BSP/SensorTile/SensorTile_accelero.o
                0x080105ec                BSP_ACCELERO_Get_WhoAmI
 .text.BSP_ACCELERO_Get_Axes
                0x08010638       0x56 Drivers/BSP/SensorTile/SensorTile_accelero.o
                0x08010638                BSP_ACCELERO_Get_Axes
 .text.BSP_ACCELERO_Get_ODR
                0x0801068e       0x56 Drivers/BSP/SensorTile/SensorTile_accelero.o
                0x0801068e                BSP_ACCELERO_Get_ODR
 .text.BSP_ACCELERO_Set_ODR_Value
                0x080106e4       0x50 Drivers/BSP/SensorTile/SensorTile_accelero.o
                0x080106e4                BSP_ACCELERO_Set_ODR_Value
 .text.BSP_ACCELERO_Get_FS
                0x08010734       0x56 Drivers/BSP/SensorTile/SensorTile_accelero.o
                0x08010734                BSP_ACCELERO_Get_FS
 .text.BSP_ACCELERO_Enable_Double_Tap_Detection_Ext
                0x0801078a       0x52 Drivers/BSP/SensorTile/SensorTile_accelero.o
                0x0801078a                BSP_ACCELERO_Enable_Double_Tap_Detection_Ext
 .text.BSP_ACCELERO_Get_Double_Tap_Detection_Status_Ext
                0x080107dc       0x60 Drivers/BSP/SensorTile/SensorTile_accelero.o
                0x080107dc                BSP_ACCELERO_Get_Double_Tap_Detection_Status_Ext
 .text.BSP_ACCELERO_Set_Tap_Threshold_Ext
                0x0801083c       0x5a Drivers/BSP/SensorTile/SensorTile_accelero.o
                0x0801083c                BSP_ACCELERO_Set_Tap_Threshold_Ext
 *fill*         0x08010896        0x2 
 .text.BSP_GG_Init
                0x08010898       0xe8 Drivers/BSP/SensorTile/SensorTile_gg.o
                0x08010898                BSP_GG_Init
 .text.BSP_GYRO_Init
                0x08010980       0x4a Drivers/BSP/SensorTile/SensorTile_gyro.o
                0x08010980                BSP_GYRO_Init
 *fill*         0x080109ca        0x2 
 .text.BSP_LSM6DSM_GYRO_Init
                0x080109cc      0x138 Drivers/BSP/SensorTile/SensorTile_gyro.o
 .text.BSP_GYRO_Sensor_Enable
                0x08010b04       0x48 Drivers/BSP/SensorTile/SensorTile_gyro.o
                0x08010b04                BSP_GYRO_Sensor_Enable
 .text.BSP_HUMIDITY_Init
                0x08010b4c       0x4a Drivers/BSP/SensorTile/SensorTile_humidity.o
                0x08010b4c                BSP_HUMIDITY_Init
 *fill*         0x08010b96        0x2 
 .text.BSP_HTS221_HUMIDITY_Init
                0x08010b98       0xec Drivers/BSP/SensorTile/SensorTile_humidity.o
 .text.BSP_HUMIDITY_Sensor_Enable
                0x08010c84       0x48 Drivers/BSP/SensorTile/SensorTile_humidity.o
                0x08010c84                BSP_HUMIDITY_Sensor_Enable
 .text.BSP_MAGNETO_Init
                0x08010ccc       0x4a Drivers/BSP/SensorTile/SensorTile_magneto.o
                0x08010ccc                BSP_MAGNETO_Init
 *fill*         0x08010d16        0x2 
 .text.BSP_LSM303AGR_MAGNETO_Init
                0x08010d18      0x138 Drivers/BSP/SensorTile/SensorTile_magneto.o
 .text.BSP_MAGNETO_Sensor_Enable
                0x08010e50       0x48 Drivers/BSP/SensorTile/SensorTile_magneto.o
                0x08010e50                BSP_MAGNETO_Sensor_Enable
 .text.BSP_PRESSURE_Init
                0x08010e98       0x4a Drivers/BSP/SensorTile/SensorTile_pressure.o
                0x08010e98                BSP_PRESSURE_Init
 *fill*         0x08010ee2        0x2 
 .text.BSP_LPS22HB_PRESSURE_Init
                0x08010ee4      0x170 Drivers/BSP/SensorTile/SensorTile_pressure.o
 .text.BSP_PRESSURE_Sensor_Enable
                0x08011054       0x48 Drivers/BSP/SensorTile/SensorTile_pressure.o
                0x08011054                BSP_PRESSURE_Sensor_Enable
 .text.BSP_SD_Init
                0x0801109c       0x44 Drivers/BSP/SensorTile/SensorTile_sd.o
                0x0801109c                BSP_SD_Init
 .text.BSP_SD_GetCardInfo
                0x080110e0       0x70 Drivers/BSP/SensorTile/SensorTile_sd.o
                0x080110e0                BSP_SD_GetCardInfo
 .text.BSP_SD_ReadBlocks
                0x08011150       0xe8 Drivers/BSP/SensorTile/SensorTile_sd.o
                0x08011150                BSP_SD_ReadBlocks
 .text.BSP_SD_WriteBlocks
                0x08011238       0xec Drivers/BSP/SensorTile/SensorTile_sd.o
                0x08011238                BSP_SD_WriteBlocks
 .text.SD_GetCSDRegister
                0x08011324      0x2d0 Drivers/BSP/SensorTile/SensorTile_sd.o
 .text.SD_GetCIDRegister
                0x080115f4      0x152 Drivers/BSP/SensorTile/SensorTile_sd.o
 .text.SD_SendCmd_wResp
                0x08011746       0x26 Drivers/BSP/SensorTile/SensorTile_sd.o
 .text.SD_SendCmd
                0x0801176c       0x40 Drivers/BSP/SensorTile/SensorTile_sd.o
 .text.SD_GetDataResponse
                0x080117ac       0x6a Drivers/BSP/SensorTile/SensorTile_sd.o
 .text.BSP_SD_GetStatus
                0x08011816       0x10 Drivers/BSP/SensorTile/SensorTile_sd.o
                0x08011816                BSP_SD_GetStatus
 *fill*         0x08011826        0x2 
 .text.SD_GoIdleState
                0x08011828      0x10c Drivers/BSP/SensorTile/SensorTile_sd.o
 .text.BSP_TEMPERATURE_Init
                0x08011934       0x6e Drivers/BSP/SensorTile/SensorTile_temperature.o
                0x08011934                BSP_TEMPERATURE_Init
 *fill*         0x080119a2        0x2 
 .text.BSP_LPS22HB_TEMPERATURE_Init
                0x080119a4      0x158 Drivers/BSP/SensorTile/SensorTile_temperature.o
 .text.BSP_HTS221_TEMPERATURE_Init
                0x08011afc       0xf4 Drivers/BSP/SensorTile/SensorTile_temperature.o
 .text.BSP_TEMPERATURE_Sensor_Enable
                0x08011bf0       0x48 Drivers/BSP/SensorTile/SensorTile_temperature.o
                0x08011bf0                BSP_TEMPERATURE_Sensor_Enable
 .text.SystemInit
                0x08011c38       0x6c Drivers/CMSIS/system_stm32l4xx.o
                0x08011c38                SystemInit
 .text.HAL_Init
                0x08011ca4       0x2c Drivers/STM32L4xx_HAL_Driver/stm32l4xx_hal.o
                0x08011ca4                HAL_Init
 .text.HAL_MspInit
                0x08011cd0        0xe Drivers/STM32L4xx_HAL_Driver/stm32l4xx_hal.o
                0x08011cd0                HAL_MspInit
 *fill*         0x08011cde        0x2 
 .text.HAL_InitTick
                0x08011ce0       0x38 Drivers/STM32L4xx_HAL_Driver/stm32l4xx_hal.o
                0x08011ce0                HAL_InitTick
 .text.HAL_IncTick
                0x08011d18       0x1c Drivers/STM32L4xx_HAL_Driver/stm32l4xx_hal.o
                0x08011d18                HAL_IncTick
 .text.HAL_GetTick
                0x08011d34       0x18 Drivers/STM32L4xx_HAL_Driver/stm32l4xx_hal.o
                0x08011d34                HAL_GetTick
 .text.HAL_Delay
                0x08011d4c       0x2c Drivers/STM32L4xx_HAL_Driver/stm32l4xx_hal.o
                0x08011d4c                HAL_Delay
 .text.NVIC_SetPriorityGrouping